This is pdfTeX, Version 3.141592653-2.6-1.40.27 (TeX Live 2025/nixos.org) (preloaded format=pdflatex 1980.1.1)  19 JUN 2026 15:38
entering extended mode
 restricted \write18 enabled.
 %&-line parsing enabled.
**main.tex
(./main.tex
LaTeX2e <2025-06-01> patch level 1
L3 programming layer <2025-06-09>

(/nix/store/h312apajmlwmii4cmqvjr6fqlhy2xxy8-texlive-2025-env-texmfdist/tex/lat
ex/beamer/beamer.cls
Document Class: beamer 2025/06/15 v3.74 A class for typesetting presentations

(/nix/store/h312apajmlwmii4cmqvjr6fqlhy2xxy8-texlive-2025-env-texmfdist/tex/lat
ex/beamer/beamerbasemodes.sty
(/nix/store/h312apajmlwmii4cmqvjr6fqlhy2xxy8-texlive-2025-env-texmfdist/tex/lat
ex/etoolbox/etoolbox.sty
Package: etoolbox 2025/02/11 v2.5l e-TeX tools for LaTeX (JAW)
\etb@tempcnta=\count275
)
\beamer@tempbox=\box53
\beamer@tempcount=\count276
\c@beamerpauses=\count277

(/nix/store/h312apajmlwmii4cmqvjr6fqlhy2xxy8-texlive-2025-env-texmfdist/tex/lat
ex/beamer/beamerbasedecode.sty
\beamer@slideinframe=\count278
\beamer@minimum=\count279
\beamer@decode@box=\box54
)
\beamer@commentbox=\box55
\beamer@modecount=\count280
)
(/nix/store/h312apajmlwmii4cmqvjr6fqlhy2xxy8-texlive-2025-env-texmfdist/tex/gen
eric/iftex/iftex.sty
Package: iftex 2024/12/12 v1.0g TeX engine tests
)
\headdp=\dimen148
\footheight=\dimen149
\sidebarheight=\dimen150
\beamer@tempdim=\dimen151
\beamer@finalheight=\dimen152
\beamer@animht=\dimen153
\beamer@animdp=\dimen154
\beamer@animwd=\dimen155
\beamer@leftmargin=\dimen156
\beamer@rightmargin=\dimen157
\beamer@leftsidebar=\dimen158
\beamer@rightsidebar=\dimen159
\beamer@boxsize=\dimen160
\beamer@vboxoffset=\dimen161
\beamer@descdefault=\dimen162
\beamer@descriptionwidth=\dimen163
\beamer@lastskip=\skip49
\beamer@areabox=\box56
\beamer@animcurrent=\box57
\beamer@animshowbox=\box58
\beamer@sectionbox=\box59
\beamer@logobox=\box60
\beamer@linebox=\box61
\beamer@sectioncount=\count281
\beamer@subsubsectionmax=\count282
\beamer@subsectionmax=\count283
\beamer@sectionmax=\count284
\beamer@totalheads=\count285
\beamer@headcounter=\count286
\beamer@partstartpage=\count287
\beamer@sectionstartpage=\count288
\beamer@subsectionstartpage=\count289
\beamer@animationtempa=\count290
\beamer@animationtempb=\count291
\beamer@xpos=\count292
\beamer@ypos=\count293
\beamer@ypos@offset=\count294
\beamer@showpartnumber=\count295
\beamer@currentsubsection=\count296
\beamer@coveringdepth=\count297
\beamer@sectionadjust=\count298
\beamer@toclastsection=\count299
\beamer@tocsectionnumber=\count300

(/nix/store/h312apajmlwmii4cmqvjr6fqlhy2xxy8-texlive-2025-env-texmfdist/tex/lat
ex/beamer/beamerbaseoptions.sty
(/nix/store/h312apajmlwmii4cmqvjr6fqlhy2xxy8-texlive-2025-env-texmfdist/tex/lat
ex/graphics/keyval.sty
Package: keyval 2022/05/29 v1.15 key=value parser (DPC)
\KV@toks@=\toks17
))
\beamer@paperwidth=\skip50
\beamer@paperheight=\skip51

(/nix/store/h312apajmlwmii4cmqvjr6fqlhy2xxy8-texlive-2025-env-texmfdist/tex/lat
ex/geometry/geometry.sty
Package: geometry 2020/01/02 v5.9 Page Geometry

(/nix/store/h312apajmlwmii4cmqvjr6fqlhy2xxy8-texlive-2025-env-texmfdist/tex/gen
eric/iftex/ifvtex.sty
Package: ifvtex 2019/10/25 v1.7 ifvtex legacy package. Use iftex instead.
)
\Gm@cnth=\count301
\Gm@cntv=\count302
\c@Gm@tempcnt=\count303
\Gm@bindingoffset=\dimen164
\Gm@wd@mp=\dimen165
\Gm@odd@mp=\dimen166
\Gm@even@mp=\dimen167
\Gm@layoutwidth=\dimen168
\Gm@layoutheight=\dimen169
\Gm@layouthoffset=\dimen170
\Gm@layoutvoffset=\dimen171
\Gm@dimlist=\toks18
)
(/nix/store/h312apajmlwmii4cmqvjr6fqlhy2xxy8-texlive-2025-env-texmfdist/tex/lat
ex/pgf/math/pgfmath.sty
(/nix/store/h312apajmlwmii4cmqvjr6fqlhy2xxy8-texlive-2025-env-texmfdist/tex/lat
ex/pgf/utilities/pgfrcs.sty
(/nix/store/h312apajmlwmii4cmqvjr6fqlhy2xxy8-texlive-2025-env-texmfdist/tex/gen
eric/pgf/utilities/pgfutil-common.tex
\pgfutil@everybye=\toks19
\pgfutil@tempdima=\dimen172
\pgfutil@tempdimb=\dimen173
)
(/nix/store/h312apajmlwmii4cmqvjr6fqlhy2xxy8-texlive-2025-env-texmfdist/tex/gen
eric/pgf/utilities/pgfutil-latex.def
\pgfutil@abb=\box62
)
(/nix/store/h312apajmlwmii4cmqvjr6fqlhy2xxy8-texlive-2025-env-texmfdist/tex/gen
eric/pgf/utilities/pgfrcs.code.tex
(/nix/store/h312apajmlwmii4cmqvjr6fqlhy2xxy8-texlive-2025-env-texmfdist/tex/gen
eric/pgf/pgf.revision.tex)
Package: pgfrcs 2023-01-15 v3.1.10 (3.1.10)
))
(/nix/store/h312apajmlwmii4cmqvjr6fqlhy2xxy8-texlive-2025-env-texmfdist/tex/lat
ex/pgf/utilities/pgfkeys.sty
(/nix/store/h312apajmlwmii4cmqvjr6fqlhy2xxy8-texlive-2025-env-texmfdist/tex/gen
eric/pgf/utilities/pgfkeys.code.tex
\pgfkeys@pathtoks=\toks20
\pgfkeys@temptoks=\toks21

(/nix/store/h312apajmlwmii4cmqvjr6fqlhy2xxy8-texlive-2025-env-texmfdist/tex/gen
eric/pgf/utilities/pgfkeyslibraryfiltered.code.tex
\pgfkeys@tmptoks=\toks22
)))
(/nix/store/h312apajmlwmii4cmqvjr6fqlhy2xxy8-texlive-2025-env-texmfdist/tex/gen
eric/pgf/math/pgfmath.code.tex
(/nix/store/h312apajmlwmii4cmqvjr6fqlhy2xxy8-texlive-2025-env-texmfdist/tex/gen
eric/pgf/math/pgfmathutil.code.tex
\pgf@x=\dimen174
\pgf@xa=\dimen175
\pgf@xb=\dimen176
\pgf@xc=\dimen177
\pgf@y=\dimen178
\pgf@ya=\dimen179
\pgf@yb=\dimen180
\pgf@yc=\dimen181
\c@pgf@counta=\count304
\c@pgf@countb=\count305
\c@pgf@countc=\count306
\c@pgf@countd=\count307
)
(/nix/store/h312apajmlwmii4cmqvjr6fqlhy2xxy8-texlive-2025-env-texmfdist/tex/gen
eric/pgf/math/pgfmathparser.code.tex
\pgfmath@dimen=\dimen182
\pgfmath@count=\count308
\pgfmath@box=\box63
\pgfmath@toks=\toks23
\pgfmath@stack@operand=\toks24
\pgfmath@stack@operation=\toks25
)
(/nix/store/h312apajmlwmii4cmqvjr6fqlhy2xxy8-texlive-2025-env-texmfdist/tex/gen
eric/pgf/math/pgfmathfunctions.code.tex)
(/nix/store/h312apajmlwmii4cmqvjr6fqlhy2xxy8-texlive-2025-env-texmfdist/tex/gen
eric/pgf/math/pgfmathfunctions.basic.code.tex)
(/nix/store/h312apajmlwmii4cmqvjr6fqlhy2xxy8-texlive-2025-env-texmfdist/tex/gen
eric/pgf/math/pgfmathfunctions.trigonometric.code.tex)
(/nix/store/h312apajmlwmii4cmqvjr6fqlhy2xxy8-texlive-2025-env-texmfdist/tex/gen
eric/pgf/math/pgfmathfunctions.random.code.tex)
(/nix/store/h312apajmlwmii4cmqvjr6fqlhy2xxy8-texlive-2025-env-texmfdist/tex/gen
eric/pgf/math/pgfmathfunctions.comparison.code.tex)
(/nix/store/h312apajmlwmii4cmqvjr6fqlhy2xxy8-texlive-2025-env-texmfdist/tex/gen
eric/pgf/math/pgfmathfunctions.base.code.tex)
(/nix/store/h312apajmlwmii4cmqvjr6fqlhy2xxy8-texlive-2025-env-texmfdist/tex/gen
eric/pgf/math/pgfmathfunctions.round.code.tex)
(/nix/store/h312apajmlwmii4cmqvjr6fqlhy2xxy8-texlive-2025-env-texmfdist/tex/gen
eric/pgf/math/pgfmathfunctions.misc.code.tex)
(/nix/store/h312apajmlwmii4cmqvjr6fqlhy2xxy8-texlive-2025-env-texmfdist/tex/gen
eric/pgf/math/pgfmathfunctions.integerarithmetics.code.tex)
(/nix/store/h312apajmlwmii4cmqvjr6fqlhy2xxy8-texlive-2025-env-texmfdist/tex/gen
eric/pgf/math/pgfmathcalc.code.tex)
(/nix/store/h312apajmlwmii4cmqvjr6fqlhy2xxy8-texlive-2025-env-texmfdist/tex/gen
eric/pgf/math/pgfmathfloat.code.tex
\c@pgfmathroundto@lastzeros=\count309
)))
(/nix/store/h312apajmlwmii4cmqvjr6fqlhy2xxy8-texlive-2025-env-texmfdist/tex/lat
ex/base/size10.clo
File: size10.clo 2025/01/22 v1.4n Standard LaTeX file (size option)
)
(/nix/store/h312apajmlwmii4cmqvjr6fqlhy2xxy8-texlive-2025-env-texmfdist/tex/lat
ex/pgf/basiclayer/pgfcore.sty
(/nix/store/h312apajmlwmii4cmqvjr6fqlhy2xxy8-texlive-2025-env-texmfdist/tex/lat
ex/graphics/graphicx.sty
Package: graphicx 2024/12/31 v1.2e Enhanced LaTeX Graphics (DPC,SPQR)

(/nix/store/h312apajmlwmii4cmqvjr6fqlhy2xxy8-texlive-2025-env-texmfdist/tex/lat
ex/graphics/graphics.sty
Package: graphics 2024/08/06 v1.4g Standard LaTeX Graphics (DPC,SPQR)

(/nix/store/h312apajmlwmii4cmqvjr6fqlhy2xxy8-texlive-2025-env-texmfdist/tex/lat
ex/graphics/trig.sty
Package: trig 2023/12/02 v1.11 sin cos tan (DPC)
)
(/nix/store/h312apajmlwmii4cmqvjr6fqlhy2xxy8-texlive-2025-env-texmfdist/tex/lat
ex/graphics-cfg/graphics.cfg
File: graphics.cfg 2016/06/04 v1.11 sample graphics configuration
)
Package graphics Info: Driver file: pdftex.def on input line 106.

(/nix/store/h312apajmlwmii4cmqvjr6fqlhy2xxy8-texlive-2025-env-texmfdist/tex/lat
ex/graphics-def/pdftex.def
File: pdftex.def 2024/04/13 v1.2c Graphics/color driver for pdftex
))
\Gin@req@height=\dimen183
\Gin@req@width=\dimen184
)
(/nix/store/h312apajmlwmii4cmqvjr6fqlhy2xxy8-texlive-2025-env-texmfdist/tex/lat
ex/pgf/systemlayer/pgfsys.sty
(/nix/store/h312apajmlwmii4cmqvjr6fqlhy2xxy8-texlive-2025-env-texmfdist/tex/gen
eric/pgf/systemlayer/pgfsys.code.tex
Package: pgfsys 2023-01-15 v3.1.10 (3.1.10)
\pgf@x=\dimen185
\pgf@y=\dimen186
\pgf@xa=\dimen187
\pgf@ya=\dimen188
\pgf@xb=\dimen189
\pgf@yb=\dimen190
\pgf@xc=\dimen191
\pgf@yc=\dimen192
\pgf@xd=\dimen193
\pgf@yd=\dimen194
\w@pgf@writea=\write3
\r@pgf@reada=\read2
\c@pgf@counta=\count310
\c@pgf@countb=\count311
\c@pgf@countc=\count312
\c@pgf@countd=\count313
\t@pgf@toka=\toks26
\t@pgf@tokb=\toks27
\t@pgf@tokc=\toks28
\pgf@sys@id@count=\count314

(/nix/store/h312apajmlwmii4cmqvjr6fqlhy2xxy8-texlive-2025-env-texmfdist/tex/gen
eric/pgf/systemlayer/pgf.cfg
File: pgf.cfg 2023-01-15 v3.1.10 (3.1.10)
)
Driver file for pgf: pgfsys-pdftex.def

(/nix/store/h312apajmlwmii4cmqvjr6fqlhy2xxy8-texlive-2025-env-texmfdist/tex/gen
eric/pgf/systemlayer/pgfsys-pdftex.def
File: pgfsys-pdftex.def 2023-01-15 v3.1.10 (3.1.10)

(/nix/store/h312apajmlwmii4cmqvjr6fqlhy2xxy8-texlive-2025-env-texmfdist/tex/gen
eric/pgf/systemlayer/pgfsys-common-pdf.def
File: pgfsys-common-pdf.def 2023-01-15 v3.1.10 (3.1.10)
)))
(/nix/store/h312apajmlwmii4cmqvjr6fqlhy2xxy8-texlive-2025-env-texmfdist/tex/gen
eric/pgf/systemlayer/pgfsyssoftpath.code.tex
File: pgfsyssoftpath.code.tex 2023-01-15 v3.1.10 (3.1.10)
\pgfsyssoftpath@smallbuffer@items=\count315
\pgfsyssoftpath@bigbuffer@items=\count316
)
(/nix/store/h312apajmlwmii4cmqvjr6fqlhy2xxy8-texlive-2025-env-texmfdist/tex/gen
eric/pgf/systemlayer/pgfsysprotocol.code.tex
File: pgfsysprotocol.code.tex 2023-01-15 v3.1.10 (3.1.10)
))
(/nix/store/h312apajmlwmii4cmqvjr6fqlhy2xxy8-texlive-2025-env-texmfdist/tex/lat
ex/xcolor/xcolor.sty
Package: xcolor 2024/09/29 v3.02 LaTeX color extensions (UK)

(/nix/store/h312apajmlwmii4cmqvjr6fqlhy2xxy8-texlive-2025-env-texmfdist/tex/lat
ex/graphics-cfg/color.cfg
File: color.cfg 2016/01/02 v1.6 sample color configuration
)
Package xcolor Info: Driver file: pdftex.def on input line 274.

(/nix/store/h312apajmlwmii4cmqvjr6fqlhy2xxy8-texlive-2025-env-texmfdist/tex/lat
ex/graphics/mathcolor.ltx)
Package xcolor Info: Model `cmy' substituted by `cmy0' on input line 1349.
Package xcolor Info: Model `hsb' substituted by `rgb' on input line 1353.
Package xcolor Info: Model `RGB' extended on input line 1365.
Package xcolor Info: Model `HTML' substituted by `rgb' on input line 1367.
Package xcolor Info: Model `Hsb' substituted by `hsb' on input line 1368.
Package xcolor Info: Model `tHsb' substituted by `hsb' on input line 1369.
Package xcolor Info: Model `HSB' substituted by `hsb' on input line 1370.
Package xcolor Info: Model `Gray' substituted by `gray' on input line 1371.
Package xcolor Info: Model `wave' substituted by `hsb' on input line 1372.
)
(/nix/store/h312apajmlwmii4cmqvjr6fqlhy2xxy8-texlive-2025-env-texmfdist/tex/gen
eric/pgf/basiclayer/pgfcore.code.tex
Package: pgfcore 2023-01-15 v3.1.10 (3.1.10)

(/nix/store/h312apajmlwmii4cmqvjr6fqlhy2xxy8-texlive-2025-env-texmfdist/tex/gen
eric/pgf/math/pgfint.code.tex)
(/nix/store/h312apajmlwmii4cmqvjr6fqlhy2xxy8-texlive-2025-env-texmfdist/tex/gen
eric/pgf/basiclayer/pgfcorepoints.code.tex
File: pgfcorepoints.code.tex 2023-01-15 v3.1.10 (3.1.10)
\pgf@picminx=\dimen195
\pgf@picmaxx=\dimen196
\pgf@picminy=\dimen197
\pgf@picmaxy=\dimen198
\pgf@pathminx=\dimen199
\pgf@pathmaxx=\dimen256
\pgf@pathminy=\dimen257
\pgf@pathmaxy=\dimen258
\pgf@xx=\dimen259
\pgf@xy=\dimen260
\pgf@yx=\dimen261
\pgf@yy=\dimen262
\pgf@zx=\dimen263
\pgf@zy=\dimen264
)
(/nix/store/h312apajmlwmii4cmqvjr6fqlhy2xxy8-texlive-2025-env-texmfdist/tex/gen
eric/pgf/basiclayer/pgfcorepathconstruct.code.tex
File: pgfcorepathconstruct.code.tex 2023-01-15 v3.1.10 (3.1.10)
\pgf@path@lastx=\dimen265
\pgf@path@lasty=\dimen266
)
(/nix/store/h312apajmlwmii4cmqvjr6fqlhy2xxy8-texlive-2025-env-texmfdist/tex/gen
eric/pgf/basiclayer/pgfcorepathusage.code.tex
File: pgfcorepathusage.code.tex 2023-01-15 v3.1.10 (3.1.10)
\pgf@shorten@end@additional=\dimen267
\pgf@shorten@start@additional=\dimen268
)
(/nix/store/h312apajmlwmii4cmqvjr6fqlhy2xxy8-texlive-2025-env-texmfdist/tex/gen
eric/pgf/basiclayer/pgfcorescopes.code.tex
File: pgfcorescopes.code.tex 2023-01-15 v3.1.10 (3.1.10)
\pgfpic=\box64
\pgf@hbox=\box65
\pgf@layerbox@main=\box66
\pgf@picture@serial@count=\count317
)
(/nix/store/h312apajmlwmii4cmqvjr6fqlhy2xxy8-texlive-2025-env-texmfdist/tex/gen
eric/pgf/basiclayer/pgfcoregraphicstate.code.tex
File: pgfcoregraphicstate.code.tex 2023-01-15 v3.1.10 (3.1.10)
\pgflinewidth=\dimen269
)
(/nix/store/h312apajmlwmii4cmqvjr6fqlhy2xxy8-texlive-2025-env-texmfdist/tex/gen
eric/pgf/basiclayer/pgfcoretransformations.code.tex
File: pgfcoretransformations.code.tex 2023-01-15 v3.1.10 (3.1.10)
\pgf@pt@x=\dimen270
\pgf@pt@y=\dimen271
\pgf@pt@temp=\dimen272
)
(/nix/store/h312apajmlwmii4cmqvjr6fqlhy2xxy8-texlive-2025-env-texmfdist/tex/gen
eric/pgf/basiclayer/pgfcorequick.code.tex
File: pgfcorequick.code.tex 2023-01-15 v3.1.10 (3.1.10)
)
(/nix/store/h312apajmlwmii4cmqvjr6fqlhy2xxy8-texlive-2025-env-texmfdist/tex/gen
eric/pgf/basiclayer/pgfcoreobjects.code.tex
File: pgfcoreobjects.code.tex 2023-01-15 v3.1.10 (3.1.10)
)
(/nix/store/h312apajmlwmii4cmqvjr6fqlhy2xxy8-texlive-2025-env-texmfdist/tex/gen
eric/pgf/basiclayer/pgfcorepathprocessing.code.tex
File: pgfcorepathprocessing.code.tex 2023-01-15 v3.1.10 (3.1.10)
)
(/nix/store/h312apajmlwmii4cmqvjr6fqlhy2xxy8-texlive-2025-env-texmfdist/tex/gen
eric/pgf/basiclayer/pgfcorearrows.code.tex
File: pgfcorearrows.code.tex 2023-01-15 v3.1.10 (3.1.10)
\pgfarrowsep=\dimen273
)
(/nix/store/h312apajmlwmii4cmqvjr6fqlhy2xxy8-texlive-2025-env-texmfdist/tex/gen
eric/pgf/basiclayer/pgfcoreshade.code.tex
File: pgfcoreshade.code.tex 2023-01-15 v3.1.10 (3.1.10)
\pgf@max=\dimen274
\pgf@sys@shading@range@num=\count318
\pgf@shadingcount=\count319
)
(/nix/store/h312apajmlwmii4cmqvjr6fqlhy2xxy8-texlive-2025-env-texmfdist/tex/gen
eric/pgf/basiclayer/pgfcoreimage.code.tex
File: pgfcoreimage.code.tex 2023-01-15 v3.1.10 (3.1.10)
)
(/nix/store/h312apajmlwmii4cmqvjr6fqlhy2xxy8-texlive-2025-env-texmfdist/tex/gen
eric/pgf/basiclayer/pgfcoreexternal.code.tex
File: pgfcoreexternal.code.tex 2023-01-15 v3.1.10 (3.1.10)
\pgfexternal@startupbox=\box67
)
(/nix/store/h312apajmlwmii4cmqvjr6fqlhy2xxy8-texlive-2025-env-texmfdist/tex/gen
eric/pgf/basiclayer/pgfcorelayers.code.tex
File: pgfcorelayers.code.tex 2023-01-15 v3.1.10 (3.1.10)
)
(/nix/store/h312apajmlwmii4cmqvjr6fqlhy2xxy8-texlive-2025-env-texmfdist/tex/gen
eric/pgf/basiclayer/pgfcoretransparency.code.tex
File: pgfcoretransparency.code.tex 2023-01-15 v3.1.10 (3.1.10)
)
(/nix/store/h312apajmlwmii4cmqvjr6fqlhy2xxy8-texlive-2025-env-texmfdist/tex/gen
eric/pgf/basiclayer/pgfcorepatterns.code.tex
File: pgfcorepatterns.code.tex 2023-01-15 v3.1.10 (3.1.10)
)
(/nix/store/h312apajmlwmii4cmqvjr6fqlhy2xxy8-texlive-2025-env-texmfdist/tex/gen
eric/pgf/basiclayer/pgfcorerdf.code.tex
File: pgfcorerdf.code.tex 2023-01-15 v3.1.10 (3.1.10)
)))
(/nix/store/h312apajmlwmii4cmqvjr6fqlhy2xxy8-texlive-2025-env-texmfdist/tex/lat
ex/pgf/utilities/xxcolor.sty
Package: xxcolor 2003/10/24 ver 0.1
\XC@nummixins=\count320
\XC@countmixins=\count321
)
(/nix/store/h312apajmlwmii4cmqvjr6fqlhy2xxy8-texlive-2025-env-texmfdist/tex/lat
ex/base/atbegshi-ltx.sty
Package: atbegshi-ltx 2021/01/10 v1.0c Emulation of the original atbegshi
package with kernel methods
)
(/nix/store/h312apajmlwmii4cmqvjr6fqlhy2xxy8-texlive-2025-env-texmfdist/tex/lat
ex/hyperref/hyperref.sty
Package: hyperref 2025-06-21 v7.01n Hypertext links for LaTeX

(/nix/store/h312apajmlwmii4cmqvjr6fqlhy2xxy8-texlive-2025-env-texmfdist/tex/lat
ex/kvsetkeys/kvsetkeys.sty
Package: kvsetkeys 2022-10-05 v1.19 Key value parser (HO)
)
(/nix/store/h312apajmlwmii4cmqvjr6fqlhy2xxy8-texlive-2025-env-texmfdist/tex/gen
eric/kvdefinekeys/kvdefinekeys.sty
Package: kvdefinekeys 2019-12-19 v1.6 Define keys (HO)
)
(/nix/store/h312apajmlwmii4cmqvjr6fqlhy2xxy8-texlive-2025-env-texmfdist/tex/gen
eric/pdfescape/pdfescape.sty
Package: pdfescape 2019/12/09 v1.15 Implements pdfTeX's escape features (HO)

(/nix/store/h312apajmlwmii4cmqvjr6fqlhy2xxy8-texlive-2025-env-texmfdist/tex/gen
eric/ltxcmds/ltxcmds.sty
Package: ltxcmds 2023-12-04 v1.26 LaTeX kernel commands for general use (HO)
)
(/nix/store/h312apajmlwmii4cmqvjr6fqlhy2xxy8-texlive-2025-env-texmfdist/tex/gen
eric/pdftexcmds/pdftexcmds.sty
Package: pdftexcmds 2020-06-27 v0.33 Utility functions of pdfTeX for LuaTeX (HO
)

(/nix/store/h312apajmlwmii4cmqvjr6fqlhy2xxy8-texlive-2025-env-texmfdist/tex/gen
eric/infwarerr/infwarerr.sty
Package: infwarerr 2019/12/03 v1.5 Providing info/warning/error messages (HO)
)
Package pdftexcmds Info: \pdf@primitive is available.
Package pdftexcmds Info: \pdf@ifprimitive is available.
Package pdftexcmds Info: \pdfdraftmode found.
))
(/nix/store/h312apajmlwmii4cmqvjr6fqlhy2xxy8-texlive-2025-env-texmfdist/tex/lat
ex/hycolor/hycolor.sty
Package: hycolor 2020-01-27 v1.10 Color options for hyperref/bookmark (HO)
)
(/nix/store/h312apajmlwmii4cmqvjr6fqlhy2xxy8-texlive-2025-env-texmfdist/tex/lat
ex/hyperref/nameref.sty
Package: nameref 2025-06-21 v2.57 Cross-referencing by name of section

(/nix/store/h312apajmlwmii4cmqvjr6fqlhy2xxy8-texlive-2025-env-texmfdist/tex/lat
ex/refcount/refcount.sty
Package: refcount 2019/12/15 v3.6 Data extraction from label references (HO)
)
(/nix/store/h312apajmlwmii4cmqvjr6fqlhy2xxy8-texlive-2025-env-texmfdist/tex/gen
eric/gettitlestring/gettitlestring.sty
Package: gettitlestring 2019/12/15 v1.6 Cleanup title references (HO)

(/nix/store/h312apajmlwmii4cmqvjr6fqlhy2xxy8-texlive-2025-env-texmfdist/tex/lat
ex/kvoptions/kvoptions.sty
Package: kvoptions 2022-06-15 v3.15 Key value format for package options (HO)
))
\c@section@level=\count322
)
(/nix/store/h312apajmlwmii4cmqvjr6fqlhy2xxy8-texlive-2025-env-texmfdist/tex/gen
eric/stringenc/stringenc.sty
Package: stringenc 2019/11/29 v1.12 Convert strings between diff. encodings (HO
)
)
\@linkdim=\dimen275
\Hy@linkcounter=\count323
\Hy@pagecounter=\count324

(/nix/store/h312apajmlwmii4cmqvjr6fqlhy2xxy8-texlive-2025-env-texmfdist/tex/lat
ex/hyperref/pd1enc.def
File: pd1enc.def 2025-06-21 v7.01n Hyperref: PDFDocEncoding definition (HO)
Now handling font encoding PD1 ...
... no UTF-8 mapping file for font encoding PD1
)
(/nix/store/h312apajmlwmii4cmqvjr6fqlhy2xxy8-texlive-2025-env-texmfdist/tex/gen
eric/intcalc/intcalc.sty
Package: intcalc 2019/12/15 v1.3 Expandable calculations with integers (HO)
)
\Hy@SavedSpaceFactor=\count325

(/nix/store/h312apajmlwmii4cmqvjr6fqlhy2xxy8-texlive-2025-env-texmfdist/tex/lat
ex/hyperref/puenc.def
File: puenc.def 2025-06-21 v7.01n Hyperref: PDF Unicode definition (HO)
Now handling font encoding PU ...
... no UTF-8 mapping file for font encoding PU
)
Package hyperref Info: Option `bookmarks' set `true' on input line 4052.
Package hyperref Info: Option `bookmarksopen' set `true' on input line 4052.
Package hyperref Info: Option `implicit' set `false' on input line 4052.
Package hyperref Info: Hyper figures OFF on input line 4181.
Package hyperref Info: Link nesting OFF on input line 4186.
Package hyperref Info: Hyper index ON on input line 4189.
Package hyperref Info: Plain pages OFF on input line 4196.
Package hyperref Info: Backreferencing OFF on input line 4201.
Package hyperref Info: Implicit mode OFF; no redefinition of LaTeX internals.
Package hyperref Info: Bookmarks ON on input line 4448.
\c@Hy@tempcnt=\count326

(/nix/store/h312apajmlwmii4cmqvjr6fqlhy2xxy8-texlive-2025-env-texmfdist/tex/lat
ex/url/url.sty
\Urlmuskip=\muskip17
Package: url 2013/09/16  ver 3.4  Verb mode for urls, etc.
)
LaTeX Info: Redefining \url on input line 4787.
\XeTeXLinkMargin=\dimen276

(/nix/store/h312apajmlwmii4cmqvjr6fqlhy2xxy8-texlive-2025-env-texmfdist/tex/gen
eric/bitset/bitset.sty
Package: bitset 2019/12/09 v1.3 Handle bit-vector datatype (HO)

(/nix/store/h312apajmlwmii4cmqvjr6fqlhy2xxy8-texlive-2025-env-texmfdist/tex/gen
eric/bigintcalc/bigintcalc.sty
Package: bigintcalc 2019/12/15 v1.5 Expandable calculations on big integers (HO
)
))
\Fld@menulength=\count327
\Field@Width=\dimen277
\Fld@charsize=\dimen278
Package hyperref Info: Hyper figures OFF on input line 6066.
Package hyperref Info: Link nesting OFF on input line 6071.
Package hyperref Info: Hyper index ON on input line 6074.
Package hyperref Info: backreferencing OFF on input line 6081.
Package hyperref Info: Link coloring OFF on input line 6086.
Package hyperref Info: Link coloring with OCG OFF on input line 6091.
Package hyperref Info: PDF/A mode OFF on input line 6096.
\Hy@abspage=\count328


Package hyperref Message: Stopped early.

)
Package hyperref Info: Driver (autodetected): hpdftex.

(/nix/store/h312apajmlwmii4cmqvjr6fqlhy2xxy8-texlive-2025-env-texmfdist/tex/lat
ex/hyperref/hpdftex.def
File: hpdftex.def 2025-06-21 v7.01n Hyperref driver for pdfTeX
\Fld@listcount=\count329
\c@bookmark@seq@number=\count330

(/nix/store/h312apajmlwmii4cmqvjr6fqlhy2xxy8-texlive-2025-env-texmfdist/tex/lat
ex/rerunfilecheck/rerunfilecheck.sty
Package: rerunfilecheck 2025-06-21 v1.11 Rerun checks for auxiliary files (HO)

(/nix/store/h312apajmlwmii4cmqvjr6fqlhy2xxy8-texlive-2025-env-texmfdist/tex/gen
eric/uniquecounter/uniquecounter.sty
Package: uniquecounter 2019/12/15 v1.4 Provide unlimited unique counter (HO)
)
Package uniquecounter Info: New unique counter `rerunfilecheck' on input line 2
84.
))
(/nix/store/h312apajmlwmii4cmqvjr6fqlhy2xxy8-texlive-2025-env-texmfdist/tex/lat
ex/beamer/beamerbaserequires.sty
(/nix/store/h312apajmlwmii4cmqvjr6fqlhy2xxy8-texlive-2025-env-texmfdist/tex/lat
ex/beamer/beamerbasecompatibility.sty)
(/nix/store/h312apajmlwmii4cmqvjr6fqlhy2xxy8-texlive-2025-env-texmfdist/tex/lat
ex/beamer/beamerbasefont.sty
(/nix/store/h312apajmlwmii4cmqvjr6fqlhy2xxy8-texlive-2025-env-texmfdist/tex/lat
ex/amsfonts/amssymb.sty
Package: amssymb 2013/01/14 v3.01 AMS font symbols

(/nix/store/h312apajmlwmii4cmqvjr6fqlhy2xxy8-texlive-2025-env-texmfdist/tex/lat
ex/amsfonts/amsfonts.sty
Package: amsfonts 2013/01/14 v3.01 Basic AMSFonts support
\@emptytoks=\toks29
\symAMSa=\mathgroup4
\symAMSb=\mathgroup5
LaTeX Font Info:    Redeclaring math symbol \hbar on input line 98.
LaTeX Font Info:    Overwriting math alphabet `\mathfrak' in version `bold'
(Font)                  U/euf/m/n --> U/euf/b/n on input line 106.
))
(/nix/store/h312apajmlwmii4cmqvjr6fqlhy2xxy8-texlive-2025-env-texmfdist/tex/lat
ex/sansmathaccent/sansmathaccent.sty
Package: sansmathaccent 2020/01/31

(/nix/store/h312apajmlwmii4cmqvjr6fqlhy2xxy8-texlive-2025-env-texmfdist/tex/lat
ex/koma-script/scrlfile.sty
Package: scrlfile 2025/06/04 v3.45 KOMA-Script package (file load hooks)

(/nix/store/h312apajmlwmii4cmqvjr6fqlhy2xxy8-texlive-2025-env-texmfdist/tex/lat
ex/koma-script/scrlfile-hook.sty
Package: scrlfile-hook 2025/06/04 v3.45 KOMA-Script package (using LaTeX hooks)


(/nix/store/h312apajmlwmii4cmqvjr6fqlhy2xxy8-texlive-2025-env-texmfdist/tex/lat
ex/koma-script/scrlogo.sty
Package: scrlogo 2025/06/04 v3.45 KOMA-Script package (logo)
)))))
(/nix/store/h312apajmlwmii4cmqvjr6fqlhy2xxy8-texlive-2025-env-texmfdist/tex/lat
ex/beamer/beamerbasetranslator.sty
(/nix/store/h312apajmlwmii4cmqvjr6fqlhy2xxy8-texlive-2025-env-texmfdist/tex/lat
ex/translator/translator.sty
Package: translator 2021-05-31 v1.12d Easy translation of strings in LaTeX
))
(/nix/store/h312apajmlwmii4cmqvjr6fqlhy2xxy8-texlive-2025-env-texmfdist/tex/lat
ex/beamer/beamerbasemisc.sty)
(/nix/store/h312apajmlwmii4cmqvjr6fqlhy2xxy8-texlive-2025-env-texmfdist/tex/lat
ex/beamer/beamerbasetwoscreens.sty)
(/nix/store/h312apajmlwmii4cmqvjr6fqlhy2xxy8-texlive-2025-env-texmfdist/tex/lat
ex/beamer/beamerbaseoverlay.sty
\beamer@argscount=\count331
\beamer@lastskipcover=\skip52
\beamer@trivlistdepth=\count332
)
(/nix/store/h312apajmlwmii4cmqvjr6fqlhy2xxy8-texlive-2025-env-texmfdist/tex/lat
ex/beamer/beamerbasetitle.sty)
(/nix/store/h312apajmlwmii4cmqvjr6fqlhy2xxy8-texlive-2025-env-texmfdist/tex/lat
ex/beamer/beamerbasesection.sty
\c@lecture=\count333
\c@part=\count334
\c@section=\count335
\c@subsection=\count336
\c@subsubsection=\count337
)
(/nix/store/h312apajmlwmii4cmqvjr6fqlhy2xxy8-texlive-2025-env-texmfdist/tex/lat
ex/beamer/beamerbaseframe.sty
\beamer@framebox=\box68
\beamer@frametitlebox=\box69
\beamer@zoombox=\box70
\beamer@zoomcount=\count338
\beamer@zoomframecount=\count339
\beamer@frametextheight=\dimen279
\c@subsectionslide=\count340
\beamer@frametopskip=\skip53
\beamer@framebottomskip=\skip54
\beamer@frametopskipautobreak=\skip55
\beamer@framebottomskipautobreak=\skip56
\beamer@envbody=\toks30
\framewidth=\dimen280
\c@framenumber=\count341
)
(/nix/store/h312apajmlwmii4cmqvjr6fqlhy2xxy8-texlive-2025-env-texmfdist/tex/lat
ex/beamer/beamerbaseverbatim.sty
\beamer@verbatimfileout=\write4
)
(/nix/store/h312apajmlwmii4cmqvjr6fqlhy2xxy8-texlive-2025-env-texmfdist/tex/lat
ex/beamer/beamerbaseframesize.sty
\beamer@splitbox=\box71
\beamer@autobreakcount=\count342
\beamer@autobreaklastheight=\dimen281
\beamer@frametitletoks=\toks31
\beamer@framesubtitletoks=\toks32
)
(/nix/store/h312apajmlwmii4cmqvjr6fqlhy2xxy8-texlive-2025-env-texmfdist/tex/lat
ex/beamer/beamerbaseframecomponents.sty
\beamer@footins=\box72
)
(/nix/store/h312apajmlwmii4cmqvjr6fqlhy2xxy8-texlive-2025-env-texmfdist/tex/lat
ex/beamer/beamerbasecolor.sty)
(/nix/store/h312apajmlwmii4cmqvjr6fqlhy2xxy8-texlive-2025-env-texmfdist/tex/lat
ex/beamer/beamerbasenotes.sty
\beamer@frameboxcopy=\box73
)
(/nix/store/h312apajmlwmii4cmqvjr6fqlhy2xxy8-texlive-2025-env-texmfdist/tex/lat
ex/beamer/beamerbasetoc.sty)
(/nix/store/h312apajmlwmii4cmqvjr6fqlhy2xxy8-texlive-2025-env-texmfdist/tex/lat
ex/beamer/beamerbasetemplates.sty
\beamer@sbttoks=\toks33

(/nix/store/h312apajmlwmii4cmqvjr6fqlhy2xxy8-texlive-2025-env-texmfdist/tex/lat
ex/beamer/beamerbaseauxtemplates.sty
(/nix/store/h312apajmlwmii4cmqvjr6fqlhy2xxy8-texlive-2025-env-texmfdist/tex/lat
ex/beamer/beamerbaseboxes.sty
\bmb@box=\box74
\bmb@colorbox=\box75
\bmb@boxwidth=\dimen282
\bmb@boxheight=\dimen283
\bmb@prevheight=\dimen284
\bmb@temp=\dimen285
\bmb@dima=\dimen286
\bmb@dimb=\dimen287
\bmb@prevheight=\dimen288
)
\beamer@blockheadheight=\dimen289
))
(/nix/store/h312apajmlwmii4cmqvjr6fqlhy2xxy8-texlive-2025-env-texmfdist/tex/lat
ex/beamer/beamerbaselocalstructure.sty
(/nix/store/h312apajmlwmii4cmqvjr6fqlhy2xxy8-texlive-2025-env-texmfdist/tex/lat
ex/tools/enumerate.sty
Package: enumerate 2023/07/04 v3.00 enumerate extensions (DPC)
\@enLab=\toks34
)
\beamer@bibiconwidth=\skip57
\c@figure=\count343
\c@table=\count344
\abovecaptionskip=\skip58
\belowcaptionskip=\skip59
)
(/nix/store/h312apajmlwmii4cmqvjr6fqlhy2xxy8-texlive-2025-env-texmfdist/tex/lat
ex/beamer/beamerbasenavigation.sty
(/nix/store/h312apajmlwmii4cmqvjr6fqlhy2xxy8-texlive-2025-env-texmfdist/tex/lat
ex/beamer/beamerbasenavigationsymbols.tex)
\beamer@section@min@dim=\dimen290
)
(/nix/store/h312apajmlwmii4cmqvjr6fqlhy2xxy8-texlive-2025-env-texmfdist/tex/lat
ex/beamer/beamerbasetheorems.sty
(/nix/store/h312apajmlwmii4cmqvjr6fqlhy2xxy8-texlive-2025-env-texmfdist/tex/lat
ex/amsmath/amsmath.sty
Package: amsmath 2025/06/16 v2.17y AMS math features
\@mathmargin=\skip60

For additional information on amsmath, use the `?' option.

(/nix/store/h312apajmlwmii4cmqvjr6fqlhy2xxy8-texlive-2025-env-texmfdist/tex/lat
ex/amsmath/amstext.sty
Package: amstext 2024/11/17 v2.01 AMS text

(/nix/store/h312apajmlwmii4cmqvjr6fqlhy2xxy8-texlive-2025-env-texmfdist/tex/lat
ex/amsmath/amsgen.sty
File: amsgen.sty 1999/11/30 v2.0 generic functions
\@emptytoks=\toks35
\ex@=\dimen291
))
(/nix/store/h312apajmlwmii4cmqvjr6fqlhy2xxy8-texlive-2025-env-texmfdist/tex/lat
ex/amsmath/amsbsy.sty
Package: amsbsy 1999/11/29 v1.2d Bold Symbols
\pmbraise@=\dimen292
)
(/nix/store/h312apajmlwmii4cmqvjr6fqlhy2xxy8-texlive-2025-env-texmfdist/tex/lat
ex/amsmath/amsopn.sty
Package: amsopn 2022/04/08 v2.04 operator names
)
\inf@bad=\count345
LaTeX Info: Redefining \frac on input line 233.
\uproot@=\count346
\leftroot@=\count347
LaTeX Info: Redefining \overline on input line 398.
LaTeX Info: Redefining \colon on input line 409.
\classnum@=\count348
\DOTSCASE@=\count349
LaTeX Info: Redefining \ldots on input line 495.
LaTeX Info: Redefining \dots on input line 498.
LaTeX Info: Redefining \cdots on input line 619.
\Mathstrutbox@=\box76
\strutbox@=\box77
LaTeX Info: Redefining \big on input line 721.
LaTeX Info: Redefining \Big on input line 722.
LaTeX Info: Redefining \bigg on input line 723.
LaTeX Info: Redefining \Bigg on input line 724.
\big@size=\dimen293
LaTeX Font Info:    Redeclaring font encoding OML on input line 742.
LaTeX Font Info:    Redeclaring font encoding OMS on input line 743.
\macc@depth=\count350
LaTeX Info: Redefining \bmod on input line 904.
LaTeX Info: Redefining \pmod on input line 909.
LaTeX Info: Redefining \smash on input line 939.
LaTeX Info: Redefining \relbar on input line 969.
LaTeX Info: Redefining \Relbar on input line 970.
\c@MaxMatrixCols=\count351
\dotsspace@=\muskip18
\c@parentequation=\count352
\dspbrk@lvl=\count353
\tag@help=\toks36
\row@=\count354
\column@=\count355
\maxfields@=\count356
\andhelp@=\toks37
\eqnshift@=\dimen294
\alignsep@=\dimen295
\tagshift@=\dimen296
\tagwidth@=\dimen297
\totwidth@=\dimen298
\lineht@=\dimen299
\@envbody=\toks38
\multlinegap=\skip61
\multlinetaggap=\skip62
\mathdisplay@stack=\toks39
LaTeX Info: Redefining \[ on input line 2949.
LaTeX Info: Redefining \] on input line 2950.
)
(/nix/store/h312apajmlwmii4cmqvjr6fqlhy2xxy8-texlive-2025-env-texmfdist/tex/lat
ex/amscls/amsthm.sty
Package: amsthm 2020/05/29 v2.20.6
\thm@style=\toks40
\thm@bodyfont=\toks41
\thm@headfont=\toks42
\thm@notefont=\toks43
\thm@headpunct=\toks44
\thm@preskip=\skip63
\thm@postskip=\skip64
\thm@headsep=\skip65
\dth@everypar=\toks45
)
\c@theorem=\count357
)
(/nix/store/h312apajmlwmii4cmqvjr6fqlhy2xxy8-texlive-2025-env-texmfdist/tex/lat
ex/beamer/beamerbasethemes.sty))
(/nix/store/h312apajmlwmii4cmqvjr6fqlhy2xxy8-texlive-2025-env-texmfdist/tex/lat
ex/beamer/beamerthemedefault.sty
(/nix/store/h312apajmlwmii4cmqvjr6fqlhy2xxy8-texlive-2025-env-texmfdist/tex/lat
ex/beamer/beamerfontthemedefault.sty)
(/nix/store/h312apajmlwmii4cmqvjr6fqlhy2xxy8-texlive-2025-env-texmfdist/tex/lat
ex/beamer/beamercolorthemedefault.sty)
(/nix/store/h312apajmlwmii4cmqvjr6fqlhy2xxy8-texlive-2025-env-texmfdist/tex/lat
ex/beamer/beamerinnerthemedefault.sty
\beamer@dima=\dimen300
\beamer@dimb=\dimen301
)
(/nix/store/h312apajmlwmii4cmqvjr6fqlhy2xxy8-texlive-2025-env-texmfdist/tex/lat
ex/beamer/beamerouterthemedefault.sty)))
(/nix/store/h312apajmlwmii4cmqvjr6fqlhy2xxy8-texlive-2025-env-texmfdist/tex/lat
ex/base/fontenc.sty
Package: fontenc 2024/12/21 v2.1c Standard LaTeX package
)
(/nix/store/h312apajmlwmii4cmqvjr6fqlhy2xxy8-texlive-2025-env-texmfdist/tex/lat
ex/base/inputenc.sty
Package: inputenc 2024/02/08 v1.3d Input encoding file
\inpenc@prehook=\toks46
\inpenc@posthook=\toks47
)
(/nix/store/h312apajmlwmii4cmqvjr6fqlhy2xxy8-texlive-2025-env-texmfdist/tex/lat
ex/beamer/beamerthemeMadrid.sty
(/nix/store/h312apajmlwmii4cmqvjr6fqlhy2xxy8-texlive-2025-env-texmfdist/tex/lat
ex/beamer/beamercolorthemewhale.sty)
(/nix/store/h312apajmlwmii4cmqvjr6fqlhy2xxy8-texlive-2025-env-texmfdist/tex/lat
ex/beamer/beamercolorthemeorchid.sty)
(/nix/store/h312apajmlwmii4cmqvjr6fqlhy2xxy8-texlive-2025-env-texmfdist/tex/lat
ex/beamer/beamerinnerthemerounded.sty)
(/nix/store/h312apajmlwmii4cmqvjr6fqlhy2xxy8-texlive-2025-env-texmfdist/tex/lat
ex/beamer/beamerouterthemeinfolines.sty))
(/nix/store/h312apajmlwmii4cmqvjr6fqlhy2xxy8-texlive-2025-env-texmfdist/tex/lat
ex/beamer/beamerfontthemeserif.sty)
(/nix/store/h312apajmlwmii4cmqvjr6fqlhy2xxy8-texlive-2025-env-texmfdist/tex/lat
ex/booktabs/booktabs.sty
Package: booktabs 2020/01/12 v1.61803398 Publication quality tables
\heavyrulewidth=\dimen302
\lightrulewidth=\dimen303
\cmidrulewidth=\dimen304
\belowrulesep=\dimen305
\belowbottomsep=\dimen306
\aboverulesep=\dimen307
\abovetopsep=\dimen308
\cmidrulesep=\dimen309
\cmidrulekern=\dimen310
\defaultaddspace=\dimen311
\@cmidla=\count358
\@cmidlb=\count359
\@aboverulesep=\dimen312
\@belowrulesep=\dimen313
\@thisruleclass=\count360
\@lastruleclass=\count361
\@thisrulewidth=\dimen314
)
(/nix/store/h312apajmlwmii4cmqvjr6fqlhy2xxy8-texlive-2025-env-texmfdist/tex/lat
ex/pgf/frontendlayer/tikz.sty
(/nix/store/h312apajmlwmii4cmqvjr6fqlhy2xxy8-texlive-2025-env-texmfdist/tex/lat
ex/pgf/basiclayer/pgf.sty
Package: pgf 2023-01-15 v3.1.10 (3.1.10)

(/nix/store/h312apajmlwmii4cmqvjr6fqlhy2xxy8-texlive-2025-env-texmfdist/tex/gen
eric/pgf/modules/pgfmoduleshapes.code.tex
File: pgfmoduleshapes.code.tex 2023-01-15 v3.1.10 (3.1.10)
\pgfnodeparttextbox=\box78
)
(/nix/store/h312apajmlwmii4cmqvjr6fqlhy2xxy8-texlive-2025-env-texmfdist/tex/gen
eric/pgf/modules/pgfmoduleplot.code.tex
File: pgfmoduleplot.code.tex 2023-01-15 v3.1.10 (3.1.10)
)
(/nix/store/h312apajmlwmii4cmqvjr6fqlhy2xxy8-texlive-2025-env-texmfdist/tex/lat
ex/pgf/compatibility/pgfcomp-version-0-65.sty
Package: pgfcomp-version-0-65 2023-01-15 v3.1.10 (3.1.10)
\pgf@nodesepstart=\dimen315
\pgf@nodesepend=\dimen316
)
(/nix/store/h312apajmlwmii4cmqvjr6fqlhy2xxy8-texlive-2025-env-texmfdist/tex/lat
ex/pgf/compatibility/pgfcomp-version-1-18.sty
Package: pgfcomp-version-1-18 2023-01-15 v3.1.10 (3.1.10)
))
(/nix/store/h312apajmlwmii4cmqvjr6fqlhy2xxy8-texlive-2025-env-texmfdist/tex/lat
ex/pgf/utilities/pgffor.sty
(/nix/store/h312apajmlwmii4cmqvjr6fqlhy2xxy8-texlive-2025-env-texmfdist/tex/gen
eric/pgf/utilities/pgffor.code.tex
Package: pgffor 2023-01-15 v3.1.10 (3.1.10)
\pgffor@iter=\dimen317
\pgffor@skip=\dimen318
\pgffor@stack=\toks48
\pgffor@toks=\toks49
))
(/nix/store/h312apajmlwmii4cmqvjr6fqlhy2xxy8-texlive-2025-env-texmfdist/tex/gen
eric/pgf/frontendlayer/tikz/tikz.code.tex
Package: tikz 2023-01-15 v3.1.10 (3.1.10)

(/nix/store/h312apajmlwmii4cmqvjr6fqlhy2xxy8-texlive-2025-env-texmfdist/tex/gen
eric/pgf/libraries/pgflibraryplothandlers.code.tex
File: pgflibraryplothandlers.code.tex 2023-01-15 v3.1.10 (3.1.10)
\pgf@plot@mark@count=\count362
\pgfplotmarksize=\dimen319
)
\tikz@lastx=\dimen320
\tikz@lasty=\dimen321
\tikz@lastxsaved=\dimen322
\tikz@lastysaved=\dimen323
\tikz@lastmovetox=\dimen324
\tikz@lastmovetoy=\dimen325
\tikzleveldistance=\dimen326
\tikzsiblingdistance=\dimen327
\tikz@figbox=\box79
\tikz@figbox@bg=\box80
\tikz@tempbox=\box81
\tikz@tempbox@bg=\box82
\tikztreelevel=\count363
\tikznumberofchildren=\count364
\tikznumberofcurrentchild=\count365
\tikz@fig@count=\count366

(/nix/store/h312apajmlwmii4cmqvjr6fqlhy2xxy8-texlive-2025-env-texmfdist/tex/gen
eric/pgf/modules/pgfmodulematrix.code.tex
File: pgfmodulematrix.code.tex 2023-01-15 v3.1.10 (3.1.10)
\pgfmatrixcurrentrow=\count367
\pgfmatrixcurrentcolumn=\count368
\pgf@matrix@numberofcolumns=\count369
)
\tikz@expandcount=\count370

(/nix/store/h312apajmlwmii4cmqvjr6fqlhy2xxy8-texlive-2025-env-texmfdist/tex/gen
eric/pgf/frontendlayer/tikz/libraries/tikzlibrarytopaths.code.tex
File: tikzlibrarytopaths.code.tex 2023-01-15 v3.1.10 (3.1.10)
)))
(/nix/store/h312apajmlwmii4cmqvjr6fqlhy2xxy8-texlive-2025-env-texmfdist/tex/gen
eric/pgf/frontendlayer/tikz/libraries/tikzlibrarypositioning.code.tex
File: tikzlibrarypositioning.code.tex 2023-01-15 v3.1.10 (3.1.10)
)
(/nix/store/h312apajmlwmii4cmqvjr6fqlhy2xxy8-texlive-2025-env-texmfdist/tex/gen
eric/pgf/frontendlayer/tikz/libraries/tikzlibraryshapes.geometric.code.tex
File: tikzlibraryshapes.geometric.code.tex 2023-01-15 v3.1.10 (3.1.10)

(/nix/store/h312apajmlwmii4cmqvjr6fqlhy2xxy8-texlive-2025-env-texmfdist/tex/gen
eric/pgf/libraries/shapes/pgflibraryshapes.geometric.code.tex
File: pgflibraryshapes.geometric.code.tex 2023-01-15 v3.1.10 (3.1.10)
))
(/nix/store/h312apajmlwmii4cmqvjr6fqlhy2xxy8-texlive-2025-env-texmfdist/tex/gen
eric/pgf/libraries/pgflibraryarrows.meta.code.tex
File: pgflibraryarrows.meta.code.tex 2023-01-15 v3.1.10 (3.1.10)
\pgfarrowinset=\dimen328
\pgfarrowlength=\dimen329
\pgfarrowwidth=\dimen330
\pgfarrowlinewidth=\dimen331
)
(/nix/store/h312apajmlwmii4cmqvjr6fqlhy2xxy8-texlive-2025-env-texmfdist/tex/gen
eric/pgf/frontendlayer/tikz/libraries/tikzlibrarycalc.code.tex
File: tikzlibrarycalc.code.tex 2023-01-15 v3.1.10 (3.1.10)
)
(/nix/store/h312apajmlwmii4cmqvjr6fqlhy2xxy8-texlive-2025-env-texmfdist/tex/gen
eric/pgf/frontendlayer/tikz/libraries/tikzlibraryfit.code.tex
File: tikzlibraryfit.code.tex 2023-01-15 v3.1.10 (3.1.10)
)
(/nix/store/h312apajmlwmii4cmqvjr6fqlhy2xxy8-texlive-2025-env-texmfdist/tex/lat
ex/pgfplots/pgfplots.sty
(/nix/store/h312apajmlwmii4cmqvjr6fqlhy2xxy8-texlive-2025-env-texmfdist/tex/gen
eric/pgfplots/pgfplots.revision.tex)
Package: pgfplots 2021/05/15 v1.18.1 Data Visualization (1.18.1)

(/nix/store/h312apajmlwmii4cmqvjr6fqlhy2xxy8-texlive-2025-env-texmfdist/tex/gen
eric/pgfplots/pgfplots.code.tex
(/nix/store/h312apajmlwmii4cmqvjr6fqlhy2xxy8-texlive-2025-env-texmfdist/tex/gen
eric/pgfplots/pgfplotscore.code.tex
\t@pgfplots@toka=\toks50
\t@pgfplots@tokb=\toks51
\t@pgfplots@tokc=\toks52
\pgfplots@tmpa=\dimen332
\c@pgfplots@coordindex=\count371
\c@pgfplots@scanlineindex=\count372

(/nix/store/h312apajmlwmii4cmqvjr6fqlhy2xxy8-texlive-2025-env-texmfdist/tex/gen
eric/pgfplots/sys/pgfplotssysgeneric.code.tex))
(/nix/store/h312apajmlwmii4cmqvjr6fqlhy2xxy8-texlive-2025-env-texmfdist/tex/gen
eric/pgfplots/libs/pgfplotslibrary.code.tex)
(/nix/store/h312apajmlwmii4cmqvjr6fqlhy2xxy8-texlive-2025-env-texmfdist/tex/gen
eric/pgfplots/oldpgfcompatib/pgfplotsoldpgfsupp_loader.code.tex
(/nix/store/h312apajmlwmii4cmqvjr6fqlhy2xxy8-texlive-2025-env-texmfdist/tex/gen
eric/pgf/libraries/pgflibraryfpu.code.tex)
Package pgfplots: loading complementary utilities for your pgf version...
\t@pgf@toka=\toks53
\t@pgf@tokb=\toks54
\t@pgf@tokc=\toks55

(/nix/store/h312apajmlwmii4cmqvjr6fqlhy2xxy8-texlive-2025-env-texmfdist/tex/gen
eric/pgfplots/oldpgfcompatib/pgfplotsoldpgfsupp_pgfutil-common-lists.tex))
(/nix/store/h312apajmlwmii4cmqvjr6fqlhy2xxy8-texlive-2025-env-texmfdist/tex/gen
eric/pgfplots/util/pgfplotsutil.code.tex
(/nix/store/h312apajmlwmii4cmqvjr6fqlhy2xxy8-texlive-2025-env-texmfdist/tex/gen
eric/pgfplots/liststructure/pgfplotsliststructure.code.tex)
(/nix/store/h312apajmlwmii4cmqvjr6fqlhy2xxy8-texlive-2025-env-texmfdist/tex/gen
eric/pgfplots/liststructure/pgfplotsliststructureext.code.tex)
(/nix/store/h312apajmlwmii4cmqvjr6fqlhy2xxy8-texlive-2025-env-texmfdist/tex/gen
eric/pgfplots/liststructure/pgfplotsarray.code.tex
\c@pgfplotsarray@tmp=\count373
)
(/nix/store/h312apajmlwmii4cmqvjr6fqlhy2xxy8-texlive-2025-env-texmfdist/tex/gen
eric/pgfplots/liststructure/pgfplotsmatrix.code.tex)
(/nix/store/h312apajmlwmii4cmqvjr6fqlhy2xxy8-texlive-2025-env-texmfdist/tex/gen
eric/pgfplots/numtable/pgfplotstableshared.code.tex
\c@pgfplotstable@counta=\count374
\t@pgfplotstable@a=\toks56
)
(/nix/store/h312apajmlwmii4cmqvjr6fqlhy2xxy8-texlive-2025-env-texmfdist/tex/gen
eric/pgfplots/liststructure/pgfplotsdeque.code.tex)
(/nix/store/h312apajmlwmii4cmqvjr6fqlhy2xxy8-texlive-2025-env-texmfdist/tex/gen
eric/pgfplots/util/pgfplotsbinary.code.tex
(/nix/store/h312apajmlwmii4cmqvjr6fqlhy2xxy8-texlive-2025-env-texmfdist/tex/gen
eric/pgfplots/util/pgfplotsbinary.data.code.tex))
(/nix/store/h312apajmlwmii4cmqvjr6fqlhy2xxy8-texlive-2025-env-texmfdist/tex/gen
eric/pgfplots/util/pgfplotsutil.verb.code.tex)
(/nix/store/h312apajmlwmii4cmqvjr6fqlhy2xxy8-texlive-2025-env-texmfdist/tex/gen
eric/pgfplots/libs/pgflibrarypgfplots.surfshading.code.tex
\c@pgfplotslibrarysurf@no=\count375

(/nix/store/h312apajmlwmii4cmqvjr6fqlhy2xxy8-texlive-2025-env-texmfdist/tex/gen
eric/pgfplots/sys/pgflibrarypgfplots.surfshading.pgfsys-pdftex.def)))
(/nix/store/h312apajmlwmii4cmqvjr6fqlhy2xxy8-texlive-2025-env-texmfdist/tex/gen
eric/pgfplots/util/pgfplotscolormap.code.tex
(/nix/store/h312apajmlwmii4cmqvjr6fqlhy2xxy8-texlive-2025-env-texmfdist/tex/gen
eric/pgfplots/util/pgfplotscolor.code.tex))
(/nix/store/h312apajmlwmii4cmqvjr6fqlhy2xxy8-texlive-2025-env-texmfdist/tex/gen
eric/pgfplots/pgfplotsstackedplots.code.tex)
(/nix/store/h312apajmlwmii4cmqvjr6fqlhy2xxy8-texlive-2025-env-texmfdist/tex/gen
eric/pgfplots/pgfplotsplothandlers.code.tex
(/nix/store/h312apajmlwmii4cmqvjr6fqlhy2xxy8-texlive-2025-env-texmfdist/tex/gen
eric/pgfplots/pgfplotsmeshplothandler.code.tex
(/nix/store/h312apajmlwmii4cmqvjr6fqlhy2xxy8-texlive-2025-env-texmfdist/tex/gen
eric/pgfplots/pgfplotsmeshplotimage.code.tex)))
(/nix/store/h312apajmlwmii4cmqvjr6fqlhy2xxy8-texlive-2025-env-texmfdist/tex/gen
eric/pgfplots/pgfplots.scaling.code.tex)
(/nix/store/h312apajmlwmii4cmqvjr6fqlhy2xxy8-texlive-2025-env-texmfdist/tex/gen
eric/pgfplots/pgfplotscoordprocessing.code.tex)
(/nix/store/h312apajmlwmii4cmqvjr6fqlhy2xxy8-texlive-2025-env-texmfdist/tex/gen
eric/pgfplots/pgfplots.errorbars.code.tex)
(/nix/store/h312apajmlwmii4cmqvjr6fqlhy2xxy8-texlive-2025-env-texmfdist/tex/gen
eric/pgfplots/pgfplots.markers.code.tex)
(/nix/store/h312apajmlwmii4cmqvjr6fqlhy2xxy8-texlive-2025-env-texmfdist/tex/gen
eric/pgfplots/pgfplotsticks.code.tex)
(/nix/store/h312apajmlwmii4cmqvjr6fqlhy2xxy8-texlive-2025-env-texmfdist/tex/gen
eric/pgfplots/pgfplots.paths.code.tex)
(/nix/store/h312apajmlwmii4cmqvjr6fqlhy2xxy8-texlive-2025-env-texmfdist/tex/gen
eric/pgf/frontendlayer/tikz/libraries/tikzlibrarydecorations.code.tex
(/nix/store/h312apajmlwmii4cmqvjr6fqlhy2xxy8-texlive-2025-env-texmfdist/tex/gen
eric/pgf/modules/pgfmoduledecorations.code.tex
\pgfdecoratedcompleteddistance=\dimen333
\pgfdecoratedremainingdistance=\dimen334
\pgfdecoratedinputsegmentcompleteddistance=\dimen335
\pgfdecoratedinputsegmentremainingdistance=\dimen336
\pgf@decorate@distancetomove=\dimen337
\pgf@decorate@repeatstate=\count376
\pgfdecorationsegmentamplitude=\dimen338
\pgfdecorationsegmentlength=\dimen339
)
\tikz@lib@dec@box=\box83
)
(/nix/store/h312apajmlwmii4cmqvjr6fqlhy2xxy8-texlive-2025-env-texmfdist/tex/gen
eric/pgf/frontendlayer/tikz/libraries/tikzlibrarydecorations.pathmorphing.code.
tex
(/nix/store/h312apajmlwmii4cmqvjr6fqlhy2xxy8-texlive-2025-env-texmfdist/tex/gen
eric/pgf/libraries/decorations/pgflibrarydecorations.pathmorphing.code.tex))
(/nix/store/h312apajmlwmii4cmqvjr6fqlhy2xxy8-texlive-2025-env-texmfdist/tex/gen
eric/pgf/frontendlayer/tikz/libraries/tikzlibrarydecorations.pathreplacing.code
.tex
(/nix/store/h312apajmlwmii4cmqvjr6fqlhy2xxy8-texlive-2025-env-texmfdist/tex/gen
eric/pgf/libraries/decorations/pgflibrarydecorations.pathreplacing.code.tex))
(/nix/store/h312apajmlwmii4cmqvjr6fqlhy2xxy8-texlive-2025-env-texmfdist/tex/gen
eric/pgfplots/libs/tikzlibrarypgfplots.contourlua.code.tex)
\pgfplots@numplots=\count377
\pgfplots@xmin@reg=\dimen340
\pgfplots@xmax@reg=\dimen341
\pgfplots@ymin@reg=\dimen342
\pgfplots@ymax@reg=\dimen343
\pgfplots@zmin@reg=\dimen344
\pgfplots@zmax@reg=\dimen345
)
(/nix/store/h312apajmlwmii4cmqvjr6fqlhy2xxy8-texlive-2025-env-texmfdist/tex/gen
eric/pgf/frontendlayer/tikz/libraries/tikzlibraryplotmarks.code.tex
File: tikzlibraryplotmarks.code.tex 2023-01-15 v3.1.10 (3.1.10)

(/nix/store/h312apajmlwmii4cmqvjr6fqlhy2xxy8-texlive-2025-env-texmfdist/tex/gen
eric/pgf/libraries/pgflibraryplotmarks.code.tex
File: pgflibraryplotmarks.code.tex 2023-01-15 v3.1.10 (3.1.10)
)))
(/nix/store/h312apajmlwmii4cmqvjr6fqlhy2xxy8-texlive-2025-env-texmfdist/tex/lat
ex/colortbl/colortbl.sty
Package: colortbl 2024/10/29 v1.0k Color table columns (DPC)

(/nix/store/h312apajmlwmii4cmqvjr6fqlhy2xxy8-texlive-2025-env-texmfdist/tex/lat
ex/tools/array.sty
Package: array 2025/06/08 v2.6j Tabular extension package (FMi)
\col@sep=\dimen346
\ar@mcellbox=\box84
\extrarowheight=\dimen347
\NC@list=\toks57
\extratabsurround=\skip66
\backup@length=\skip67
\ar@cellbox=\box85
)
\everycr=\toks58
\minrowclearance=\skip68
\rownum=\count378
)

Package hyperref Warning: Token not allowed in a PDF string (Unicode):
(hyperref)                removing `math shift' on input line 42.


Package hyperref Warning: Token not allowed in a PDF string (Unicode):
(hyperref)                removing `math shift' on input line 42.


(/nix/store/h312apajmlwmii4cmqvjr6fqlhy2xxy8-texlive-2025-env-texmfdist/tex/lat
ex/l3backend/l3backend-pdftex.def
File: l3backend-pdftex.def 2025-06-09 L3 backend support: PDF output (pdfTeX)
\l__color_backend_stack_int=\count379
) (./main.aux)
\openout1 = `main.aux'.

LaTeX Font Info:    Checking defaults for OML/cmm/m/it on input line 42.
LaTeX Font Info:    ... okay on input line 42.
LaTeX Font Info:    Checking defaults for OMS/cmsy/m/n on input line 42.
LaTeX Font Info:    ... okay on input line 42.
LaTeX Font Info:    Checking defaults for OT1/cmr/m/n on input line 42.
LaTeX Font Info:    ... okay on input line 42.
LaTeX Font Info:    Checking defaults for T1/cmr/m/n on input line 42.
LaTeX Font Info:    ... okay on input line 42.
LaTeX Font Info:    Checking defaults for TS1/cmr/m/n on input line 42.
LaTeX Font Info:    ... okay on input line 42.
LaTeX Font Info:    Checking defaults for OMX/cmex/m/n on input line 42.
LaTeX Font Info:    ... okay on input line 42.
LaTeX Font Info:    Checking defaults for U/cmr/m/n on input line 42.
LaTeX Font Info:    ... okay on input line 42.
LaTeX Font Info:    Checking defaults for PD1/pdf/m/n on input line 42.
LaTeX Font Info:    ... okay on input line 42.
LaTeX Font Info:    Checking defaults for PU/pdf/m/n on input line 42.
LaTeX Font Info:    ... okay on input line 42.

*geometry* driver: auto-detecting
*geometry* detected driver: pdftex
*geometry* verbose mode - [ preamble ] result:
* driver: pdftex
* paper: custom
* layout: <same size as paper>
* layoutoffset:(h,v)=(0.0pt,0.0pt)
* modes: includehead includefoot 
* h-part:(L,W,R)=(9.99756pt, 435.24896pt, 9.99756pt)
* v-part:(T,H,B)=(0.0pt, 256.0748pt, 0.0pt)
* \paperwidth=455.24408pt
* \paperheight=256.0748pt
* \textwidth=435.24896pt
* \textheight=227.62207pt
* \oddsidemargin=-62.27243pt
* \evensidemargin=-62.27243pt
* \topmargin=-72.26999pt
* \headheight=14.22636pt
* \headsep=0.0pt
* \topskip=10.0pt
* \footskip=14.22636pt
* \marginparwidth=3.0pt
* \marginparsep=11.0pt
* \columnsep=10.0pt
* \skip\footins=9.0pt plus 4.0pt minus 2.0pt
* \hoffset=0.0pt
* \voffset=0.0pt
* \mag=1000
* \@twocolumnfalse
* \@twosidefalse
* \@mparswitchfalse
* \@reversemarginfalse
* (1in=72.27pt=25.4mm, 1cm=28.453pt)


(/nix/store/h312apajmlwmii4cmqvjr6fqlhy2xxy8-texlive-2025-env-texmfdist/tex/con
text/base/mkii/supp-pdf.mkii
[Loading MPS to PDF converter (version 2006.09.02).]
\scratchcounter=\count380
\scratchdimen=\dimen348
\scratchbox=\box86
\nofMPsegments=\count381
\nofMParguments=\count382
\everyMPshowfont=\toks59
\MPscratchCnt=\count383
\MPscratchDim=\dimen349
\MPnumerator=\count384
\makeMPintoPDFobject=\count385
\everyMPtoPDFconversion=\toks60
)
(/nix/store/h312apajmlwmii4cmqvjr6fqlhy2xxy8-texlive-2025-env-texmfdist/tex/lat
ex/epstopdf-pkg/epstopdf-base.sty
Package: epstopdf-base 2020-01-24 v2.11 Base part for package epstopdf
Package epstopdf-base Info: Redefining graphics rule for `.eps' on input line 4
85.

(/nix/store/h312apajmlwmii4cmqvjr6fqlhy2xxy8-texlive-2025-env-texmfdist/tex/lat
ex/latexconfig/epstopdf-sys.cfg
File: epstopdf-sys.cfg 2010/07/13 v1.3 Configuration of (r)epstopdf for TeX Liv
e
))
Package hyperref Info: Link coloring OFF on input line 42.
 (./main.out) (./main.out)
\@outlinefile=\write5
\openout5 = `main.out'.


(/nix/store/h312apajmlwmii4cmqvjr6fqlhy2xxy8-texlive-2025-env-texmfdist/tex/lat
ex/translator/translator-basic-dictionary-English.dict
Dictionary: translator-basic-dictionary, Language: English 
)
(/nix/store/h312apajmlwmii4cmqvjr6fqlhy2xxy8-texlive-2025-env-texmfdist/tex/lat
ex/translator/translator-bibliography-dictionary-English.dict
Dictionary: translator-bibliography-dictionary, Language: English 
)
(/nix/store/h312apajmlwmii4cmqvjr6fqlhy2xxy8-texlive-2025-env-texmfdist/tex/lat
ex/translator/translator-environment-dictionary-English.dict
Dictionary: translator-environment-dictionary, Language: English 
)
(/nix/store/h312apajmlwmii4cmqvjr6fqlhy2xxy8-texlive-2025-env-texmfdist/tex/lat
ex/translator/translator-months-dictionary-English.dict
Dictionary: translator-months-dictionary, Language: English 
)
(/nix/store/h312apajmlwmii4cmqvjr6fqlhy2xxy8-texlive-2025-env-texmfdist/tex/lat
ex/translator/translator-numbers-dictionary-English.dict
Dictionary: translator-numbers-dictionary, Language: English 
)
(/nix/store/h312apajmlwmii4cmqvjr6fqlhy2xxy8-texlive-2025-env-texmfdist/tex/lat
ex/translator/translator-theorem-dictionary-English.dict
Dictionary: translator-theorem-dictionary, Language: English 
)
Package pgfplots notification 'compat/show suggested version=true': document ha
s been generated with the most recent feature set (\pgfplotsset{compat=1.18}).

(./main.nav)
LaTeX Font Info:    Trying to load font information for U+msa on input line 54.


(/nix/store/h312apajmlwmii4cmqvjr6fqlhy2xxy8-texlive-2025-env-texmfdist/tex/lat
ex/amsfonts/umsa.fd
File: umsa.fd 2013/01/14 v3.01 AMS symbols A
)
LaTeX Font Info:    Trying to load font information for U+msb on input line 54.


(/nix/store/h312apajmlwmii4cmqvjr6fqlhy2xxy8-texlive-2025-env-texmfdist/tex/lat
ex/amsfonts/umsb.fd
File: umsb.fd 2013/01/14 v3.01 AMS symbols B
)

[1

{/nix/store/a39cjm4s5yhfq1bkzb0fnzjcf6ds91ra-texlive-2025-env/share/texmf-var/f
onts/map/pdftex/updmap/pdftex.map}{/nix/store/h312apajmlwmii4cmqvjr6fqlhy2xxy8-
texlive-2025-env-texmfdist/fonts/enc/dvips/cm-super/cm-super-t1.enc}{/nix/store
/h312apajmlwmii4cmqvjr6fqlhy2xxy8-texlive-2025-env-texmfdist/fonts/enc/dvips/cm
-super/cm-super-ts1.enc}]
Overfull \hbox (2.22168pt too wide) in paragraph at lines 101--101
 [] 
 []

<images/LRP_ejem.jpg, id=44, 621.82312pt x 365.86688pt>
File: images/LRP_ejem.jpg Graphic file (type jpg)
<use images/LRP_ejem.jpg>
Package pdftex.def Info: images/LRP_ejem.jpg  used on input line 101.
(pdftex.def)             Requested size: 269.85515pt x 158.77676pt.


[2

 <./images/LRP_ejem.jpg>]

[3

]

[4

]

[5

]

[6

]

[7

]
\tf@nav=\write6
\openout6 = `main.nav'.

\tf@toc=\write7
\openout7 = `main.toc'.

\tf@snm=\write8
\openout8 = `main.snm'.

 (./main.aux)
 ***********
LaTeX2e <2025-06-01> patch level 1
L3 programming layer <2025-06-09>
 ***********
Package rerunfilecheck Info: File `main.out' has not changed.
(rerunfilecheck)             Checksum: D41D8CD98F00B204E9800998ECF8427E;0.
 ) 
Here is how much of TeX's memory you used:
 36515 strings out of 467890
 890985 string characters out of 5410143
 1400259 words of memory out of 5000000
 64370 multiletter control sequences out of 15000+600000
 650135 words of font info for 97 fonts, out of 8000000 for 9000
 1141 hyphenation exceptions out of 8191
 128i,14n,123p,725b,1130s stack positions out of 10000i,1000n,20000p,200000b,200000s
</nix/store/h312apajmlwmii4cmqvjr6fqlhy2xxy8-texlive-2025-env-texmfdist/fonts
/type1/public/amsfonts/cmextra/cmex7.pfb></nix/store/h312apajmlwmii4cmqvjr6fqlh
y2xxy8-texlive-2025-env-texmfdist/fonts/type1/public/amsfonts/cmextra/cmex8.pfb
></nix/store/h312apajmlwmii4cmqvjr6fqlhy2xxy8-texlive-2025-env-texmfdist/fonts/
type1/public/amsfonts/cmextra/cmex9.pfb></nix/store/h312apajmlwmii4cmqvjr6fqlhy
2xxy8-texlive-2025-env-texmfdist/fonts/type1/public/amsfonts/cm/cmmi12.pfb></ni
x/store/h312apajmlwmii4cmqvjr6fqlhy2xxy8-texlive-2025-env-texmfdist/fonts/type1
/public/amsfonts/cm/cmmi5.pfb></nix/store/h312apajmlwmii4cmqvjr6fqlhy2xxy8-texl
ive-2025-env-texmfdist/fonts/type1/public/amsfonts/cm/cmmi6.pfb></nix/store/h31
2apajmlwmii4cmqvjr6fqlhy2xxy8-texlive-2025-env-texmfdist/fonts/type1/public/ams
fonts/cm/cmmi7.pfb></nix/store/h312apajmlwmii4cmqvjr6fqlhy2xxy8-texlive-2025-en
v-texmfdist/fonts/type1/public/amsfonts/cm/cmmi8.pfb></nix/store/h312apajmlwmii
4cmqvjr6fqlhy2xxy8-texlive-2025-env-texmfdist/fonts/type1/public/amsfonts/cm/cm
mi9.pfb></nix/store/h312apajmlwmii4cmqvjr6fqlhy2xxy8-texlive-2025-env-texmfdist
/fonts/type1/public/amsfonts/cm/cmr12.pfb></nix/store/h312apajmlwmii4cmqvjr6fql
hy2xxy8-texlive-2025-env-texmfdist/fonts/type1/public/amsfonts/cm/cmr5.pfb></ni
x/store/h312apajmlwmii4cmqvjr6fqlhy2xxy8-texlive-2025-env-texmfdist/fonts/type1
/public/amsfonts/cm/cmr6.pfb></nix/store/h312apajmlwmii4cmqvjr6fqlhy2xxy8-texli
ve-2025-env-texmfdist/fonts/type1/public/amsfonts/cm/cmr7.pfb></nix/store/h312a
pajmlwmii4cmqvjr6fqlhy2xxy8-texlive-2025-env-texmfdist/fonts/type1/public/amsfo
nts/cm/cmr8.pfb></nix/store/h312apajmlwmii4cmqvjr6fqlhy2xxy8-texlive-2025-env-t
exmfdist/fonts/type1/public/amsfonts/cm/cmr9.pfb></nix/store/h312apajmlwmii4cmq
vjr6fqlhy2xxy8-texlive-2025-env-texmfdist/fonts/type1/public/amsfonts/cm/cmsy10
.pfb></nix/store/h312apajmlwmii4cmqvjr6fqlhy2xxy8-texlive-2025-env-texmfdist/fo
nts/type1/public/amsfonts/cm/cmsy5.pfb></nix/store/h312apajmlwmii4cmqvjr6fqlhy2
xxy8-texlive-2025-env-texmfdist/fonts/type1/public/amsfonts/cm/cmsy6.pfb></nix/
store/h312apajmlwmii4cmqvjr6fqlhy2xxy8-texlive-2025-env-texmfdist/fonts/type1/p
ublic/amsfonts/cm/cmsy7.pfb></nix/store/h312apajmlwmii4cmqvjr6fqlhy2xxy8-texliv
e-2025-env-texmfdist/fonts/type1/public/amsfonts/cm/cmsy8.pfb></nix/store/h312a
pajmlwmii4cmqvjr6fqlhy2xxy8-texlive-2025-env-texmfdist/fonts/type1/public/amsfo
nts/cm/cmsy9.pfb></nix/store/h312apajmlwmii4cmqvjr6fqlhy2xxy8-texlive-2025-env-
texmfdist/fonts/type1/public/cm-super/sfsi0800.pfb></nix/store/h312apajmlwmii4c
mqvjr6fqlhy2xxy8-texlive-2025-env-texmfdist/fonts/type1/public/cm-super/sfsi090
0.pfb></nix/store/h312apajmlwmii4cmqvjr6fqlhy2xxy8-texlive-2025-env-texmfdist/f
onts/type1/public/cm-super/sfsi1440.pfb></nix/store/h312apajmlwmii4cmqvjr6fqlhy
2xxy8-texlive-2025-env-texmfdist/fonts/type1/public/cm-super/sfss0500.pfb></nix
/store/h312apajmlwmii4cmqvjr6fqlhy2xxy8-texlive-2025-env-texmfdist/fonts/type1/
public/cm-super/sfss0700.pfb></nix/store/h312apajmlwmii4cmqvjr6fqlhy2xxy8-texli
ve-2025-env-texmfdist/fonts/type1/public/cm-super/sfss0800.pfb></nix/store/h312
apajmlwmii4cmqvjr6fqlhy2xxy8-texlive-2025-env-texmfdist/fonts/type1/public/cm-s
uper/sfss0900.pfb></nix/store/h312apajmlwmii4cmqvjr6fqlhy2xxy8-texlive-2025-env
-texmfdist/fonts/type1/public/cm-super/sfss1000.pfb></nix/store/h312apajmlwmii4
cmqvjr6fqlhy2xxy8-texlive-2025-env-texmfdist/fonts/type1/public/cm-super/sfss12
00.pfb></nix/store/h312apajmlwmii4cmqvjr6fqlhy2xxy8-texlive-2025-env-texmfdist/
fonts/type1/public/cm-super/sfss1440.pfb></nix/store/h312apajmlwmii4cmqvjr6fqlh
y2xxy8-texlive-2025-env-texmfdist/fonts/type1/public/cm-super/sfsx0700.pfb></ni
x/store/h312apajmlwmii4cmqvjr6fqlhy2xxy8-texlive-2025-env-texmfdist/fonts/type1
/public/cm-super/sfsx0800.pfb></nix/store/h312apajmlwmii4cmqvjr6fqlhy2xxy8-texl
ive-2025-env-texmfdist/fonts/type1/public/cm-super/sfsx0900.pfb></nix/store/h31
2apajmlwmii4cmqvjr6fqlhy2xxy8-texlive-2025-env-texmfdist/fonts/type1/public/cm-
super/sfsx1000.pfb></nix/store/h312apajmlwmii4cmqvjr6fqlhy2xxy8-texlive-2025-en
v-texmfdist/fonts/type1/public/cm-super/sfsx1200.pfb>
Output written on main.pdf (7 pages, 572714 bytes).
PDF statistics:
 436 PDF objects out of 1000 (max. 8388607)
 249 compressed objects within 3 object streams
 15 named destinations out of 1000 (max. 500000)
 618 words of extra memory for PDF output out of 10000 (max. 10000000)

