This is pdfTeX, Version 3.141592653-2.6-1.40.27 (TeX Live 2025/nixos.org) (preloaded format=pdflatex 1980.1.1)  12 JUN 2026 08:37
entering extended mode
 restricted \write18 enabled.
 file:line:error style messages enabled.
 %&-line parsing enabled.
**manual.tex
(./manual.tex
LaTeX2e <2025-06-01> patch level 1
L3 programming layer <2025-06-09>
(/nix/store/h312apajmlwmii4cmqvjr6fqlhy2xxy8-texlive-2025-env-texmfdist/tex/latex/base/article.cls
Document Class: article 2025/01/22 v1.4n Standard LaTeX document class
(/nix/store/h312apajmlwmii4cmqvjr6fqlhy2xxy8-texlive-2025-env-texmfdist/tex/latex/base/size12.clo
File: size12.clo 2025/01/22 v1.4n Standard LaTeX file (size option)
)
\c@part=\count275
\c@section=\count276
\c@subsection=\count277
\c@subsubsection=\count278
\c@paragraph=\count279
\c@subparagraph=\count280
\c@figure=\count281
\c@table=\count282
\abovecaptionskip=\skip49
\belowcaptionskip=\skip50
\bibindent=\dimen148
) (/nix/store/h312apajmlwmii4cmqvjr6fqlhy2xxy8-texlive-2025-env-texmfdist/tex/latex/base/inputenc.sty
Package: inputenc 2024/02/08 v1.3d Input encoding file
\inpenc@prehook=\toks17
\inpenc@posthook=\toks18
) (/nix/store/h312apajmlwmii4cmqvjr6fqlhy2xxy8-texlive-2025-env-texmfdist/tex/generic/babel/babel.sty
Package: babel 2025/06/10 v25.10 The multilingual framework for pdfLaTeX, LuaLaTeX and XeLaTeX
\babel@savecnt=\count283
LaTeX Encoding Info:    Redeclaring text command \ij (encoding OT1) on input line 2043.
LaTeX Encoding Info:    Redeclaring text command \IJ (encoding OT1) on input line 2045.
LaTeX Encoding Info:    Redeclaring text command \ij (encoding T1) on input line 2047.
LaTeX Encoding Info:    Redeclaring text command \IJ (encoding T1) on input line 2048.
LaTeX Encoding Info:    Ignoring declaration for text command \ij (encoding ?) on input line 2049.
LaTeX Encoding Info:    Ignoring declaration for text command \IJ (encoding ?) on input line 2051.
LaTeX Encoding Info:    Ignoring declaration for text command \SS (encoding ?) on input line 2076.
\U@D=\dimen149
\l@unhyphenated=\language90
 (/nix/store/h312apajmlwmii4cmqvjr6fqlhy2xxy8-texlive-2025-env-texmfdist/tex/generic/babel/txtbabel.def)
\bbl@readstream=\read2
\bbl@dirlevel=\count284
 (/nix/store/h312apajmlwmii4cmqvjr6fqlhy2xxy8-texlive-2025-env-texmfdist/tex/generic/babel-spanish/spanish.ldf
Language: spanish.ldf 2021/05/27 v5.0q Spanish support from the babel system
 (/nix/store/h312apajmlwmii4cmqvjr6fqlhy2xxy8-texlive-2025-env-texmfdist/tex/generic/babel/locale/es/babel-spanish.tex
Package babel Info: Importing font and identification data for spanish
(babel)             from babel-es.ini. Reported on input line 12.
)
\es@quottoks=\toks19
\es@quotdepth=\count285
Package babel Info: Making " an active character on input line 570.
Package babel Info: Making . an active character on input line 675.
Package babel Info: Making < an active character on input line 722.
Package babel Info: Making > an active character on input line 722.
))
LaTeX Encoding Info:    Redeclaring text command \guillemotleft (encoding OT1) on input line 4.
LaTeX Encoding Info:    Redeclaring text command \guillemotright (encoding OT1) on input line 4.
 (/nix/store/h312apajmlwmii4cmqvjr6fqlhy2xxy8-texlive-2025-env-texmfdist/tex/latex/geometry/geometry.sty
Package: geometry 2020/01/02 v5.9 Page Geometry
 (/nix/store/h312apajmlwmii4cmqvjr6fqlhy2xxy8-texlive-2025-env-texmfdist/tex/latex/graphics/keyval.sty
Package: keyval 2022/05/29 v1.15 key=value parser (DPC)
\KV@toks@=\toks20
) (/nix/store/h312apajmlwmii4cmqvjr6fqlhy2xxy8-texlive-2025-env-texmfdist/tex/generic/iftex/ifvtex.sty
Package: ifvtex 2019/10/25 v1.7 ifvtex legacy package. Use iftex instead.
 (/nix/store/h312apajmlwmii4cmqvjr6fqlhy2xxy8-texlive-2025-env-texmfdist/tex/generic/iftex/iftex.sty
Package: iftex 2024/12/12 v1.0g TeX engine tests
))
\Gm@cnth=\count286
\Gm@cntv=\count287
\c@Gm@tempcnt=\count288
\Gm@bindingoffset=\dimen150
\Gm@wd@mp=\dimen151
\Gm@odd@mp=\dimen152
\Gm@even@mp=\dimen153
\Gm@layoutwidth=\dimen154
\Gm@layoutheight=\dimen155
\Gm@layouthoffset=\dimen156
\Gm@layoutvoffset=\dimen157
\Gm@dimlist=\toks21
) (/nix/store/h312apajmlwmii4cmqvjr6fqlhy2xxy8-texlive-2025-env-texmfdist/tex/latex/amsmath/amsmath.sty
Package: amsmath 2025/06/16 v2.17y AMS math features
\@mathmargin=\skip51

For additional information on amsmath, use the `?' option.
(/nix/store/h312apajmlwmii4cmqvjr6fqlhy2xxy8-texlive-2025-env-texmfdist/tex/latex/amsmath/amstext.sty
Package: amstext 2024/11/17 v2.01 AMS text
 (/nix/store/h312apajmlwmii4cmqvjr6fqlhy2xxy8-texlive-2025-env-texmfdist/tex/latex/amsmath/amsgen.sty
File: amsgen.sty 1999/11/30 v2.0 generic functions
\@emptytoks=\toks22
\ex@=\dimen158
)) (/nix/store/h312apajmlwmii4cmqvjr6fqlhy2xxy8-texlive-2025-env-texmfdist/tex/latex/amsmath/amsbsy.sty
Package: amsbsy 1999/11/29 v1.2d Bold Symbols
\pmbraise@=\dimen159
) (/nix/store/h312apajmlwmii4cmqvjr6fqlhy2xxy8-texlive-2025-env-texmfdist/tex/latex/amsmath/amsopn.sty
Package: amsopn 2022/04/08 v2.04 operator names
)
\inf@bad=\count289
LaTeX Info: Redefining \frac on input line 233.
\uproot@=\count290
\leftroot@=\count291
LaTeX Info: Redefining \overline on input line 398.
LaTeX Info: Redefining \colon on input line 409.
\classnum@=\count292
\DOTSCASE@=\count293
LaTeX Info: Redefining \ldots on input line 495.
LaTeX Info: Redefining \dots on input line 498.
LaTeX Info: Redefining \cdots on input line 619.
\Mathstrutbox@=\box53
\strutbox@=\box54
LaTeX Info: Redefining \big on input line 721.
LaTeX Info: Redefining \Big on input line 722.
LaTeX Info: Redefining \bigg on input line 723.
LaTeX Info: Redefining \Bigg on input line 724.
\big@size=\dimen160
LaTeX Font Info:    Redeclaring font encoding OML on input line 742.
LaTeX Font Info:    Redeclaring font encoding OMS on input line 743.
\macc@depth=\count294
LaTeX Info: Redefining \bmod on input line 904.
LaTeX Info: Redefining \pmod on input line 909.
LaTeX Info: Redefining \smash on input line 939.
LaTeX Info: Redefining \relbar on input line 969.
LaTeX Info: Redefining \Relbar on input line 970.
\c@MaxMatrixCols=\count295
\dotsspace@=\muskip17
\c@parentequation=\count296
\dspbrk@lvl=\count297
\tag@help=\toks23
\row@=\count298
\column@=\count299
\maxfields@=\count300
\andhelp@=\toks24
\eqnshift@=\dimen161
\alignsep@=\dimen162
\tagshift@=\dimen163
\tagwidth@=\dimen164
\totwidth@=\dimen165
\lineht@=\dimen166
\@envbody=\toks25
\multlinegap=\skip52
\multlinetaggap=\skip53
\mathdisplay@stack=\toks26
LaTeX Info: Redefining \[ on input line 2949.
LaTeX Info: Redefining \] on input line 2950.
) (/nix/store/h312apajmlwmii4cmqvjr6fqlhy2xxy8-texlive-2025-env-texmfdist/tex/latex/amsfonts/amssymb.sty
Package: amssymb 2013/01/14 v3.01 AMS font symbols
 (/nix/store/h312apajmlwmii4cmqvjr6fqlhy2xxy8-texlive-2025-env-texmfdist/tex/latex/amsfonts/amsfonts.sty
Package: amsfonts 2013/01/14 v3.01 Basic AMSFonts support
\symAMSa=\mathgroup4
\symAMSb=\mathgroup5
LaTeX Font Info:    Redeclaring math symbol \hbar on input line 98.
LaTeX Font Info:    Overwriting math alphabet `\mathfrak' in version `bold'
(Font)                  U/euf/m/n --> U/euf/b/n on input line 106.
)) (/nix/store/h312apajmlwmii4cmqvjr6fqlhy2xxy8-texlive-2025-env-texmfdist/tex/latex/graphics/graphicx.sty
Package: graphicx 2024/12/31 v1.2e Enhanced LaTeX Graphics (DPC,SPQR)
 (/nix/store/h312apajmlwmii4cmqvjr6fqlhy2xxy8-texlive-2025-env-texmfdist/tex/latex/graphics/graphics.sty
Package: graphics 2024/08/06 v1.4g Standard LaTeX Graphics (DPC,SPQR)
 (/nix/store/h312apajmlwmii4cmqvjr6fqlhy2xxy8-texlive-2025-env-texmfdist/tex/latex/graphics/trig.sty
Package: trig 2023/12/02 v1.11 sin cos tan (DPC)
) (/nix/store/h312apajmlwmii4cmqvjr6fqlhy2xxy8-texlive-2025-env-texmfdist/tex/latex/graphics-cfg/graphics.cfg
File: graphics.cfg 2016/06/04 v1.11 sample graphics configuration
)
Package graphics Info: Driver file: pdftex.def on input line 106.
 (/nix/store/h312apajmlwmii4cmqvjr6fqlhy2xxy8-texlive-2025-env-texmfdist/tex/latex/graphics-def/pdftex.def
File: pdftex.def 2024/04/13 v1.2c Graphics/color driver for pdftex
))
\Gin@req@height=\dimen167
\Gin@req@width=\dimen168
) (/nix/store/h312apajmlwmii4cmqvjr6fqlhy2xxy8-texlive-2025-env-texmfdist/tex/latex/booktabs/booktabs.sty
Package: booktabs 2020/01/12 v1.61803398 Publication quality tables
\heavyrulewidth=\dimen169
\lightrulewidth=\dimen170
\cmidrulewidth=\dimen171
\belowrulesep=\dimen172
\belowbottomsep=\dimen173
\aboverulesep=\dimen174
\abovetopsep=\dimen175
\cmidrulesep=\dimen176
\cmidrulekern=\dimen177
\defaultaddspace=\dimen178
\@cmidla=\count301
\@cmidlb=\count302
\@aboverulesep=\dimen179
\@belowrulesep=\dimen180
\@thisruleclass=\count303
\@lastruleclass=\count304
\@thisrulewidth=\dimen181
) (/nix/store/h312apajmlwmii4cmqvjr6fqlhy2xxy8-texlive-2025-env-texmfdist/tex/latex/tools/array.sty
Package: array 2025/06/08 v2.6j Tabular extension package (FMi)
\col@sep=\dimen182
\ar@mcellbox=\box55
\extrarowheight=\dimen183
\NC@list=\toks27
\extratabsurround=\skip54
\backup@length=\skip55
\ar@cellbox=\box56
) (/nix/store/h312apajmlwmii4cmqvjr6fqlhy2xxy8-texlive-2025-env-texmfdist/tex/latex/xcolor/xcolor.sty
Package: xcolor 2024/09/29 v3.02 LaTeX color extensions (UK)
 (/nix/store/h312apajmlwmii4cmqvjr6fqlhy2xxy8-texlive-2025-env-texmfdist/tex/latex/graphics-cfg/color.cfg
File: color.cfg 2016/01/02 v1.6 sample color configuration
)
Package xcolor Info: Driver file: pdftex.def on input line 274.
 (/nix/store/h312apajmlwmii4cmqvjr6fqlhy2xxy8-texlive-2025-env-texmfdist/tex/latex/graphics/mathcolor.ltx)
Package xcolor Info: Model `cmy' substituted by `cmy0' on input line 1349.
Package xcolor Info: Model `hsb' substituted by `rgb' on input line 1353.
Package xcolor Info: Model `RGB' extended on input line 1365.
Package xcolor Info: Model `HTML' substituted by `rgb' on input line 1367.
Package xcolor Info: Model `Hsb' substituted by `hsb' on input line 1368.
Package xcolor Info: Model `tHsb' substituted by `hsb' on input line 1369.
Package xcolor Info: Model `HSB' substituted by `hsb' on input line 1370.
Package xcolor Info: Model `Gray' substituted by `gray' on input line 1371.
Package xcolor Info: Model `wave' substituted by `hsb' on input line 1372.
) (/nix/store/h312apajmlwmii4cmqvjr6fqlhy2xxy8-texlive-2025-env-texmfdist/tex/latex/tcolorbox/tcolorbox.sty
Package: tcolorbox 2025/06/04 version 6.6.0 text color boxes
 (/nix/store/h312apajmlwmii4cmqvjr6fqlhy2xxy8-texlive-2025-env-texmfdist/tex/latex/pgf/frontendlayer/tikz.sty (/nix/store/h312apajmlwmii4cmqvjr6fqlhy2xxy8-texlive-2025-env-texmfdist/tex/latex/pgf/basiclayer/pgf.sty
(/nix/store/h312apajmlwmii4cmqvjr6fqlhy2xxy8-texlive-2025-env-texmfdist/tex/latex/pgf/utilities/pgfrcs.sty (/nix/store/h312apajmlwmii4cmqvjr6fqlhy2xxy8-texlive-2025-env-texmfdist/tex/generic/pgf/utilities/pgfutil-common.tex
\pgfutil@everybye=\toks28
\pgfutil@tempdima=\dimen184
\pgfutil@tempdimb=\dimen185
) (/nix/store/h312apajmlwmii4cmqvjr6fqlhy2xxy8-texlive-2025-env-texmfdist/tex/generic/pgf/utilities/pgfutil-latex.def
\pgfutil@abb=\box57
) (/nix/store/h312apajmlwmii4cmqvjr6fqlhy2xxy8-texlive-2025-env-texmfdist/tex/generic/pgf/utilities/pgfrcs.code.tex (/nix/store/h312apajmlwmii4cmqvjr6fqlhy2xxy8-texlive-2025-env-texmfdist/tex/generic/pgf/pgf.revision.tex)
Package: pgfrcs 2023-01-15 v3.1.10 (3.1.10)
))
Package: pgf 2023-01-15 v3.1.10 (3.1.10)
 (/nix/store/h312apajmlwmii4cmqvjr6fqlhy2xxy8-texlive-2025-env-texmfdist/tex/latex/pgf/basiclayer/pgfcore.sty (/nix/store/h312apajmlwmii4cmqvjr6fqlhy2xxy8-texlive-2025-env-texmfdist/tex/latex/pgf/systemlayer/pgfsys.sty (/nix/store/h312apajmlwmii4cmqvjr6fqlhy2xxy8-texlive-2025-env-texmfdist/tex/generic/pgf/systemlayer/pgfsys.code.tex
Package: pgfsys 2023-01-15 v3.1.10 (3.1.10)
 (/nix/store/h312apajmlwmii4cmqvjr6fqlhy2xxy8-texlive-2025-env-texmfdist/tex/generic/pgf/utilities/pgfkeys.code.tex
\pgfkeys@pathtoks=\toks29
\pgfkeys@temptoks=\toks30
 (/nix/store/h312apajmlwmii4cmqvjr6fqlhy2xxy8-texlive-2025-env-texmfdist/tex/generic/pgf/utilities/pgfkeyslibraryfiltered.code.tex
\pgfkeys@tmptoks=\toks31
))
\pgf@x=\dimen186
\pgf@y=\dimen187
\pgf@xa=\dimen188
\pgf@ya=\dimen189
\pgf@xb=\dimen190
\pgf@yb=\dimen191
\pgf@xc=\dimen192
\pgf@yc=\dimen193
\pgf@xd=\dimen194
\pgf@yd=\dimen195
\w@pgf@writea=\write3
\r@pgf@reada=\read3
\c@pgf@counta=\count305
\c@pgf@countb=\count306
\c@pgf@countc=\count307
\c@pgf@countd=\count308
\t@pgf@toka=\toks32
\t@pgf@tokb=\toks33
\t@pgf@tokc=\toks34
\pgf@sys@id@count=\count309
 (/nix/store/h312apajmlwmii4cmqvjr6fqlhy2xxy8-texlive-2025-env-texmfdist/tex/generic/pgf/systemlayer/pgf.cfg
File: pgf.cfg 2023-01-15 v3.1.10 (3.1.10)
)
Driver file for pgf: pgfsys-pdftex.def
 (/nix/store/h312apajmlwmii4cmqvjr6fqlhy2xxy8-texlive-2025-env-texmfdist/tex/generic/pgf/systemlayer/pgfsys-pdftex.def
File: pgfsys-pdftex.def 2023-01-15 v3.1.10 (3.1.10)
 (/nix/store/h312apajmlwmii4cmqvjr6fqlhy2xxy8-texlive-2025-env-texmfdist/tex/generic/pgf/systemlayer/pgfsys-common-pdf.def
File: pgfsys-common-pdf.def 2023-01-15 v3.1.10 (3.1.10)
))) (/nix/store/h312apajmlwmii4cmqvjr6fqlhy2xxy8-texlive-2025-env-texmfdist/tex/generic/pgf/systemlayer/pgfsyssoftpath.code.tex
File: pgfsyssoftpath.code.tex 2023-01-15 v3.1.10 (3.1.10)
\pgfsyssoftpath@smallbuffer@items=\count310
\pgfsyssoftpath@bigbuffer@items=\count311
) (/nix/store/h312apajmlwmii4cmqvjr6fqlhy2xxy8-texlive-2025-env-texmfdist/tex/generic/pgf/systemlayer/pgfsysprotocol.code.tex
File: pgfsysprotocol.code.tex 2023-01-15 v3.1.10 (3.1.10)
)) (/nix/store/h312apajmlwmii4cmqvjr6fqlhy2xxy8-texlive-2025-env-texmfdist/tex/generic/pgf/basiclayer/pgfcore.code.tex
Package: pgfcore 2023-01-15 v3.1.10 (3.1.10)
 (/nix/store/h312apajmlwmii4cmqvjr6fqlhy2xxy8-texlive-2025-env-texmfdist/tex/generic/pgf/math/pgfmath.code.tex
(/nix/store/h312apajmlwmii4cmqvjr6fqlhy2xxy8-texlive-2025-env-texmfdist/tex/generic/pgf/math/pgfmathutil.code.tex) (/nix/store/h312apajmlwmii4cmqvjr6fqlhy2xxy8-texlive-2025-env-texmfdist/tex/generic/pgf/math/pgfmathparser.code.tex
\pgfmath@dimen=\dimen196
\pgfmath@count=\count312
\pgfmath@box=\box58
\pgfmath@toks=\toks35
\pgfmath@stack@operand=\toks36
\pgfmath@stack@operation=\toks37
) (/nix/store/h312apajmlwmii4cmqvjr6fqlhy2xxy8-texlive-2025-env-texmfdist/tex/generic/pgf/math/pgfmathfunctions.code.tex) (/nix/store/h312apajmlwmii4cmqvjr6fqlhy2xxy8-texlive-2025-env-texmfdist/tex/generic/pgf/math/pgfmathfunctions.basic.code.tex) (/nix/store/h312apajmlwmii4cmqvjr6fqlhy2xxy8-texlive-2025-env-texmfdist/tex/generic/pgf/math/pgfmathfunctions.trigonometric.code.tex) (/nix/store/h312apajmlwmii4cmqvjr6fqlhy2xxy8-texlive-2025-env-texmfdist/tex/generic/pgf/math/pgfmathfunctions.random.code.tex) (/nix/store/h312apajmlwmii4cmqvjr6fqlhy2xxy8-texlive-2025-env-texmfdist/tex/generic/pgf/math/pgfmathfunctions.comparison.code.tex) (/nix/store/h312apajmlwmii4cmqvjr6fqlhy2xxy8-texlive-2025-env-texmfdist/tex/generic/pgf/math/pgfmathfunctions.base.code.tex) (/nix/store/h312apajmlwmii4cmqvjr6fqlhy2xxy8-texlive-2025-env-texmfdist/tex/generic/pgf/math/pgfmathfunctions.round.code.tex) (/nix/store/h312apajmlwmii4cmqvjr6fqlhy2xxy8-texlive-2025-env-texmfdist/tex/generic/pgf/math/pgfmathfunctions.misc.code.tex) (/nix/store/h312apajmlwmii4cmqvjr6fqlhy2xxy8-texlive-2025-env-texmfdist/tex/generic/pgf/math/pgfmathfunctions.integerarithmetics.code.tex) (/nix/store/h312apajmlwmii4cmqvjr6fqlhy2xxy8-texlive-2025-env-texmfdist/tex/generic/pgf/math/pgfmathcalc.code.tex) (/nix/store/h312apajmlwmii4cmqvjr6fqlhy2xxy8-texlive-2025-env-texmfdist/tex/generic/pgf/math/pgfmathfloat.code.tex
\c@pgfmathroundto@lastzeros=\count313
)) (/nix/store/h312apajmlwmii4cmqvjr6fqlhy2xxy8-texlive-2025-env-texmfdist/tex/generic/pgf/math/pgfint.code.tex) (/nix/store/h312apajmlwmii4cmqvjr6fqlhy2xxy8-texlive-2025-env-texmfdist/tex/generic/pgf/basiclayer/pgfcorepoints.code.tex
File: pgfcorepoints.code.tex 2023-01-15 v3.1.10 (3.1.10)
\pgf@picminx=\dimen197
\pgf@picmaxx=\dimen198
\pgf@picminy=\dimen199
\pgf@picmaxy=\dimen256
\pgf@pathminx=\dimen257
\pgf@pathmaxx=\dimen258
\pgf@pathminy=\dimen259
\pgf@pathmaxy=\dimen260
\pgf@xx=\dimen261
\pgf@xy=\dimen262
\pgf@yx=\dimen263
\pgf@yy=\dimen264
\pgf@zx=\dimen265
\pgf@zy=\dimen266
) (/nix/store/h312apajmlwmii4cmqvjr6fqlhy2xxy8-texlive-2025-env-texmfdist/tex/generic/pgf/basiclayer/pgfcorepathconstruct.code.tex
File: pgfcorepathconstruct.code.tex 2023-01-15 v3.1.10 (3.1.10)
\pgf@path@lastx=\dimen267
\pgf@path@lasty=\dimen268
)
(/nix/store/h312apajmlwmii4cmqvjr6fqlhy2xxy8-texlive-2025-env-texmfdist/tex/generic/pgf/basiclayer/pgfcorepathusage.code.tex
File: pgfcorepathusage.code.tex 2023-01-15 v3.1.10 (3.1.10)
\pgf@shorten@end@additional=\dimen269
\pgf@shorten@start@additional=\dimen270
) (/nix/store/h312apajmlwmii4cmqvjr6fqlhy2xxy8-texlive-2025-env-texmfdist/tex/generic/pgf/basiclayer/pgfcorescopes.code.tex
File: pgfcorescopes.code.tex 2023-01-15 v3.1.10 (3.1.10)
\pgfpic=\box59
\pgf@hbox=\box60
\pgf@layerbox@main=\box61
\pgf@picture@serial@count=\count314
) (/nix/store/h312apajmlwmii4cmqvjr6fqlhy2xxy8-texlive-2025-env-texmfdist/tex/generic/pgf/basiclayer/pgfcoregraphicstate.code.tex
File: pgfcoregraphicstate.code.tex 2023-01-15 v3.1.10 (3.1.10)
\pgflinewidth=\dimen271
) (/nix/store/h312apajmlwmii4cmqvjr6fqlhy2xxy8-texlive-2025-env-texmfdist/tex/generic/pgf/basiclayer/pgfcoretransformations.code.tex
File: pgfcoretransformations.code.tex 2023-01-15 v3.1.10 (3.1.10)
\pgf@pt@x=\dimen272
\pgf@pt@y=\dimen273
\pgf@pt@temp=\dimen274
) (/nix/store/h312apajmlwmii4cmqvjr6fqlhy2xxy8-texlive-2025-env-texmfdist/tex/generic/pgf/basiclayer/pgfcorequick.code.tex
File: pgfcorequick.code.tex 2023-01-15 v3.1.10 (3.1.10)
) (/nix/store/h312apajmlwmii4cmqvjr6fqlhy2xxy8-texlive-2025-env-texmfdist/tex/generic/pgf/basiclayer/pgfcoreobjects.code.tex
File: pgfcoreobjects.code.tex 2023-01-15 v3.1.10 (3.1.10)
) (/nix/store/h312apajmlwmii4cmqvjr6fqlhy2xxy8-texlive-2025-env-texmfdist/tex/generic/pgf/basiclayer/pgfcorepathprocessing.code.tex
File: pgfcorepathprocessing.code.tex 2023-01-15 v3.1.10 (3.1.10)
) (/nix/store/h312apajmlwmii4cmqvjr6fqlhy2xxy8-texlive-2025-env-texmfdist/tex/generic/pgf/basiclayer/pgfcorearrows.code.tex
File: pgfcorearrows.code.tex 2023-01-15 v3.1.10 (3.1.10)
\pgfarrowsep=\dimen275
) (/nix/store/h312apajmlwmii4cmqvjr6fqlhy2xxy8-texlive-2025-env-texmfdist/tex/generic/pgf/basiclayer/pgfcoreshade.code.tex
File: pgfcoreshade.code.tex 2023-01-15 v3.1.10 (3.1.10)
\pgf@max=\dimen276
\pgf@sys@shading@range@num=\count315
\pgf@shadingcount=\count316
) (/nix/store/h312apajmlwmii4cmqvjr6fqlhy2xxy8-texlive-2025-env-texmfdist/tex/generic/pgf/basiclayer/pgfcoreimage.code.tex
File: pgfcoreimage.code.tex 2023-01-15 v3.1.10 (3.1.10)
) (/nix/store/h312apajmlwmii4cmqvjr6fqlhy2xxy8-texlive-2025-env-texmfdist/tex/generic/pgf/basiclayer/pgfcoreexternal.code.tex
File: pgfcoreexternal.code.tex 2023-01-15 v3.1.10 (3.1.10)
\pgfexternal@startupbox=\box62
) (/nix/store/h312apajmlwmii4cmqvjr6fqlhy2xxy8-texlive-2025-env-texmfdist/tex/generic/pgf/basiclayer/pgfcorelayers.code.tex
File: pgfcorelayers.code.tex 2023-01-15 v3.1.10 (3.1.10)
) (/nix/store/h312apajmlwmii4cmqvjr6fqlhy2xxy8-texlive-2025-env-texmfdist/tex/generic/pgf/basiclayer/pgfcoretransparency.code.tex
File: pgfcoretransparency.code.tex 2023-01-15 v3.1.10 (3.1.10)
) (/nix/store/h312apajmlwmii4cmqvjr6fqlhy2xxy8-texlive-2025-env-texmfdist/tex/generic/pgf/basiclayer/pgfcorepatterns.code.tex
File: pgfcorepatterns.code.tex 2023-01-15 v3.1.10 (3.1.10)
) (/nix/store/h312apajmlwmii4cmqvjr6fqlhy2xxy8-texlive-2025-env-texmfdist/tex/generic/pgf/basiclayer/pgfcorerdf.code.tex
File: pgfcorerdf.code.tex 2023-01-15 v3.1.10 (3.1.10)
))) (/nix/store/h312apajmlwmii4cmqvjr6fqlhy2xxy8-texlive-2025-env-texmfdist/tex/generic/pgf/modules/pgfmoduleshapes.code.tex
File: pgfmoduleshapes.code.tex 2023-01-15 v3.1.10 (3.1.10)
\pgfnodeparttextbox=\box63
)
(/nix/store/h312apajmlwmii4cmqvjr6fqlhy2xxy8-texlive-2025-env-texmfdist/tex/generic/pgf/modules/pgfmoduleplot.code.tex
File: pgfmoduleplot.code.tex 2023-01-15 v3.1.10 (3.1.10)
) (/nix/store/h312apajmlwmii4cmqvjr6fqlhy2xxy8-texlive-2025-env-texmfdist/tex/latex/pgf/compatibility/pgfcomp-version-0-65.sty
Package: pgfcomp-version-0-65 2023-01-15 v3.1.10 (3.1.10)
\pgf@nodesepstart=\dimen277
\pgf@nodesepend=\dimen278
) (/nix/store/h312apajmlwmii4cmqvjr6fqlhy2xxy8-texlive-2025-env-texmfdist/tex/latex/pgf/compatibility/pgfcomp-version-1-18.sty
Package: pgfcomp-version-1-18 2023-01-15 v3.1.10 (3.1.10)
)) (/nix/store/h312apajmlwmii4cmqvjr6fqlhy2xxy8-texlive-2025-env-texmfdist/tex/latex/pgf/utilities/pgffor.sty (/nix/store/h312apajmlwmii4cmqvjr6fqlhy2xxy8-texlive-2025-env-texmfdist/tex/latex/pgf/utilities/pgfkeys.sty (/nix/store/h312apajmlwmii4cmqvjr6fqlhy2xxy8-texlive-2025-env-texmfdist/tex/generic/pgf/utilities/pgfkeys.code.tex)) (/nix/store/h312apajmlwmii4cmqvjr6fqlhy2xxy8-texlive-2025-env-texmfdist/tex/latex/pgf/math/pgfmath.sty (/nix/store/h312apajmlwmii4cmqvjr6fqlhy2xxy8-texlive-2025-env-texmfdist/tex/generic/pgf/math/pgfmath.code.tex)) (/nix/store/h312apajmlwmii4cmqvjr6fqlhy2xxy8-texlive-2025-env-texmfdist/tex/generic/pgf/utilities/pgffor.code.tex
Package: pgffor 2023-01-15 v3.1.10 (3.1.10)
\pgffor@iter=\dimen279
\pgffor@skip=\dimen280
\pgffor@stack=\toks38
\pgffor@toks=\toks39
)) (/nix/store/h312apajmlwmii4cmqvjr6fqlhy2xxy8-texlive-2025-env-texmfdist/tex/generic/pgf/frontendlayer/tikz/tikz.code.tex
Package: tikz 2023-01-15 v3.1.10 (3.1.10)
 (/nix/store/h312apajmlwmii4cmqvjr6fqlhy2xxy8-texlive-2025-env-texmfdist/tex/generic/pgf/libraries/pgflibraryplothandlers.code.tex
File: pgflibraryplothandlers.code.tex 2023-01-15 v3.1.10 (3.1.10)
\pgf@plot@mark@count=\count317
\pgfplotmarksize=\dimen281
)
\tikz@lastx=\dimen282
\tikz@lasty=\dimen283
\tikz@lastxsaved=\dimen284
\tikz@lastysaved=\dimen285
\tikz@lastmovetox=\dimen286
\tikz@lastmovetoy=\dimen287
\tikzleveldistance=\dimen288
\tikzsiblingdistance=\dimen289
\tikz@figbox=\box64
\tikz@figbox@bg=\box65
\tikz@tempbox=\box66
\tikz@tempbox@bg=\box67
\tikztreelevel=\count318
\tikznumberofchildren=\count319
\tikznumberofcurrentchild=\count320
\tikz@fig@count=\count321
 (/nix/store/h312apajmlwmii4cmqvjr6fqlhy2xxy8-texlive-2025-env-texmfdist/tex/generic/pgf/modules/pgfmodulematrix.code.tex
File: pgfmodulematrix.code.tex 2023-01-15 v3.1.10 (3.1.10)
\pgfmatrixcurrentrow=\count322
\pgfmatrixcurrentcolumn=\count323
\pgf@matrix@numberofcolumns=\count324
)
\tikz@expandcount=\count325
 (/nix/store/h312apajmlwmii4cmqvjr6fqlhy2xxy8-texlive-2025-env-texmfdist/tex/generic/pgf/frontendlayer/tikz/libraries/tikzlibrarytopaths.code.tex
File: tikzlibrarytopaths.code.tex 2023-01-15 v3.1.10 (3.1.10)
))) (/nix/store/h312apajmlwmii4cmqvjr6fqlhy2xxy8-texlive-2025-env-texmfdist/tex/latex/tools/verbatim.sty
Package: verbatim 2024-01-22 v1.5x LaTeX2e package for verbatim enhancements
\every@verbatim=\toks40
\verbatim@line=\toks41
\verbatim@in@stream=\read4
) (/nix/store/h312apajmlwmii4cmqvjr6fqlhy2xxy8-texlive-2025-env-texmfdist/tex/latex/environ/environ.sty
Package: environ 2014/05/04 v0.3 A new way to define environments
 (/nix/store/h312apajmlwmii4cmqvjr6fqlhy2xxy8-texlive-2025-env-texmfdist/tex/latex/trimspaces/trimspaces.sty
Package: trimspaces 2009/09/17 v1.1 Trim spaces around a token list
)) (/nix/store/h312apajmlwmii4cmqvjr6fqlhy2xxy8-texlive-2025-env-texmfdist/tex/latex/etoolbox/etoolbox.sty
Package: etoolbox 2025/02/11 v2.5l e-TeX tools for LaTeX (JAW)
\etb@tempcnta=\count326
)
\tcb@titlebox=\box68
\tcb@upperbox=\box69
\tcb@lowerbox=\box70
\tcb@phantombox=\box71
\c@tcbbreakpart=\count327
\c@tcblayer=\count328
\c@tcolorbox@number=\count329
\l__tcobox_tmpa_box=\box72
\l__tcobox_tmpa_dim=\dimen290
\tcb@temp=\box73
\tcb@temp=\box74
\tcb@temp=\box75
\tcb@temp=\box76
)
(/nix/store/h312apajmlwmii4cmqvjr6fqlhy2xxy8-texlive-2025-env-texmfdist/tex/latex/enumitem/enumitem.sty
Package: enumitem 2025/02/06 v3.11 Customized lists
\labelindent=\skip56
\enit@outerparindent=\dimen291
\enit@toks=\toks42
\enit@inbox=\box77
\enit@count@id=\count330
\enitdp@description=\count331
) (/nix/store/h312apajmlwmii4cmqvjr6fqlhy2xxy8-texlive-2025-env-texmfdist/tex/latex/hyperref/hyperref.sty
Package: hyperref 2025-06-21 v7.01n Hypertext links for LaTeX
 (/nix/store/h312apajmlwmii4cmqvjr6fqlhy2xxy8-texlive-2025-env-texmfdist/tex/latex/kvsetkeys/kvsetkeys.sty
Package: kvsetkeys 2022-10-05 v1.19 Key value parser (HO)
) (/nix/store/h312apajmlwmii4cmqvjr6fqlhy2xxy8-texlive-2025-env-texmfdist/tex/generic/kvdefinekeys/kvdefinekeys.sty
Package: kvdefinekeys 2019-12-19 v1.6 Define keys (HO)
) (/nix/store/h312apajmlwmii4cmqvjr6fqlhy2xxy8-texlive-2025-env-texmfdist/tex/generic/pdfescape/pdfescape.sty
Package: pdfescape 2019/12/09 v1.15 Implements pdfTeX's escape features (HO)
 (/nix/store/h312apajmlwmii4cmqvjr6fqlhy2xxy8-texlive-2025-env-texmfdist/tex/generic/ltxcmds/ltxcmds.sty
Package: ltxcmds 2023-12-04 v1.26 LaTeX kernel commands for general use (HO)
) (/nix/store/h312apajmlwmii4cmqvjr6fqlhy2xxy8-texlive-2025-env-texmfdist/tex/generic/pdftexcmds/pdftexcmds.sty
Package: pdftexcmds 2020-06-27 v0.33 Utility functions of pdfTeX for LuaTeX (HO)
 (/nix/store/h312apajmlwmii4cmqvjr6fqlhy2xxy8-texlive-2025-env-texmfdist/tex/generic/infwarerr/infwarerr.sty
Package: infwarerr 2019/12/03 v1.5 Providing info/warning/error messages (HO)
)
Package pdftexcmds Info: \pdf@primitive is available.
Package pdftexcmds Info: \pdf@ifprimitive is available.
Package pdftexcmds Info: \pdfdraftmode found.
)) (/nix/store/h312apajmlwmii4cmqvjr6fqlhy2xxy8-texlive-2025-env-texmfdist/tex/latex/hycolor/hycolor.sty
Package: hycolor 2020-01-27 v1.10 Color options for hyperref/bookmark (HO)
) (/nix/store/h312apajmlwmii4cmqvjr6fqlhy2xxy8-texlive-2025-env-texmfdist/tex/latex/hyperref/nameref.sty
Package: nameref 2025-06-21 v2.57 Cross-referencing by name of section
 (/nix/store/h312apajmlwmii4cmqvjr6fqlhy2xxy8-texlive-2025-env-texmfdist/tex/latex/refcount/refcount.sty
Package: refcount 2019/12/15 v3.6 Data extraction from label references (HO)
) (/nix/store/h312apajmlwmii4cmqvjr6fqlhy2xxy8-texlive-2025-env-texmfdist/tex/generic/gettitlestring/gettitlestring.sty
Package: gettitlestring 2019/12/15 v1.6 Cleanup title references (HO)
 (/nix/store/h312apajmlwmii4cmqvjr6fqlhy2xxy8-texlive-2025-env-texmfdist/tex/latex/kvoptions/kvoptions.sty
Package: kvoptions 2022-06-15 v3.15 Key value format for package options (HO)
))
\c@section@level=\count332
) (/nix/store/h312apajmlwmii4cmqvjr6fqlhy2xxy8-texlive-2025-env-texmfdist/tex/generic/stringenc/stringenc.sty
Package: stringenc 2019/11/29 v1.12 Convert strings between diff. encodings (HO)
)
\@linkdim=\dimen292
\Hy@linkcounter=\count333
\Hy@pagecounter=\count334
 (/nix/store/h312apajmlwmii4cmqvjr6fqlhy2xxy8-texlive-2025-env-texmfdist/tex/latex/hyperref/pd1enc.def
File: pd1enc.def 2025-06-21 v7.01n Hyperref: PDFDocEncoding definition (HO)
Now handling font encoding PD1 ...
... no UTF-8 mapping file for font encoding PD1
) (/nix/store/h312apajmlwmii4cmqvjr6fqlhy2xxy8-texlive-2025-env-texmfdist/tex/generic/intcalc/intcalc.sty
Package: intcalc 2019/12/15 v1.3 Expandable calculations with integers (HO)
)
\Hy@SavedSpaceFactor=\count335
 (/nix/store/h312apajmlwmii4cmqvjr6fqlhy2xxy8-texlive-2025-env-texmfdist/tex/latex/hyperref/puenc.def
File: puenc.def 2025-06-21 v7.01n Hyperref: PDF Unicode definition (HO)
Now handling font encoding PU ...
... no UTF-8 mapping file for font encoding PU
)
Package hyperref Info: Hyper figures OFF on input line 4181.
Package hyperref Info: Link nesting OFF on input line 4186.
Package hyperref Info: Hyper index ON on input line 4189.
Package hyperref Info: Plain pages OFF on input line 4196.
Package hyperref Info: Backreferencing OFF on input line 4201.
Package hyperref Info: Implicit mode ON; LaTeX internals redefined.
Package hyperref Info: Bookmarks ON on input line 4448.
\c@Hy@tempcnt=\count336
 (/nix/store/h312apajmlwmii4cmqvjr6fqlhy2xxy8-texlive-2025-env-texmfdist/tex/latex/url/url.sty
\Urlmuskip=\muskip18
Package: url 2013/09/16  ver 3.4  Verb mode for urls, etc.
)
LaTeX Info: Redefining \url on input line 4787.
\XeTeXLinkMargin=\dimen293

(/nix/store/h312apajmlwmii4cmqvjr6fqlhy2xxy8-texlive-2025-env-texmfdist/tex/generic/bitset/bitset.sty
Package: bitset 2019/12/09 v1.3 Handle bit-vector datatype (HO)
 (/nix/store/h312apajmlwmii4cmqvjr6fqlhy2xxy8-texlive-2025-env-texmfdist/tex/generic/bigintcalc/bigintcalc.sty
Package: bigintcalc 2019/12/15 v1.5 Expandable calculations on big integers (HO)
))
\Fld@menulength=\count337
\Field@Width=\dimen294
\Fld@charsize=\dimen295
Package hyperref Info: Hyper figures OFF on input line 6066.
Package hyperref Info: Link nesting OFF on input line 6071.
Package hyperref Info: Hyper index ON on input line 6074.
Package hyperref Info: backreferencing OFF on input line 6081.
Package hyperref Info: Link coloring OFF on input line 6086.
Package hyperref Info: Link coloring with OCG OFF on input line 6091.
Package hyperref Info: PDF/A mode OFF on input line 6096.
\Hy@abspage=\count338
\c@Item=\count339
\c@Hfootnote=\count340
)
Package hyperref Info: Driver (autodetected): hpdftex.
 (/nix/store/h312apajmlwmii4cmqvjr6fqlhy2xxy8-texlive-2025-env-texmfdist/tex/latex/hyperref/hpdftex.def
File: hpdftex.def 2025-06-21 v7.01n Hyperref driver for pdfTeX
\Fld@listcount=\count341
\c@bookmark@seq@number=\count342
 (/nix/store/h312apajmlwmii4cmqvjr6fqlhy2xxy8-texlive-2025-env-texmfdist/tex/latex/rerunfilecheck/rerunfilecheck.sty
Package: rerunfilecheck 2025-06-21 v1.11 Rerun checks for auxiliary files (HO)
 (/nix/store/h312apajmlwmii4cmqvjr6fqlhy2xxy8-texlive-2025-env-texmfdist/tex/generic/uniquecounter/uniquecounter.sty
Package: uniquecounter 2019/12/15 v1.4 Provide unlimited unique counter (HO)
)
Package uniquecounter Info: New unique counter `rerunfilecheck' on input line 284.
)
\Hy@SectionHShift=\skip57
) (/nix/store/h312apajmlwmii4cmqvjr6fqlhy2xxy8-texlive-2025-env-texmfdist/tex/latex/algorithms/algorithm.sty
Package: algorithm 2009/08/24 v0.1 Document Style `algorithm' - floating environment
 (/nix/store/h312apajmlwmii4cmqvjr6fqlhy2xxy8-texlive-2025-env-texmfdist/tex/latex/float/float.sty
Package: float 2001/11/08 v1.3d Float enhancements (AL)
\c@float@type=\count343
\float@exts=\toks43
\float@box=\box78
\@float@everytoks=\toks44
\@floatcapt=\box79
) (/nix/store/h312apajmlwmii4cmqvjr6fqlhy2xxy8-texlive-2025-env-texmfdist/tex/latex/base/ifthen.sty
Package: ifthen 2024/03/16 v1.1e Standard LaTeX ifthen package (DPC)
)
\@float@every@algorithm=\toks45
\c@algorithm=\count344
) (/nix/store/h312apajmlwmii4cmqvjr6fqlhy2xxy8-texlive-2025-env-texmfdist/tex/latex/algorithmicx/algpseudocode.sty
Package: algpseudocode 
 (/nix/store/h312apajmlwmii4cmqvjr6fqlhy2xxy8-texlive-2025-env-texmfdist/tex/latex/algorithmicx/algorithmicx.sty
Package: algorithmicx 2005/04/27 v1.2 Algorithmicx

Document Style algorithmicx 1.2 - a greatly improved `algorithmic' style
\c@ALG@line=\count345
\c@ALG@rem=\count346
\c@ALG@nested=\count347
\ALG@tlm=\skip58
\ALG@thistlm=\skip59
\c@ALG@Lnr=\count348
\c@ALG@blocknr=\count349
\c@ALG@storecount=\count350
\c@ALG@tmpcounter=\count351
\ALG@tmplength=\skip60
)
Document Style - pseudocode environments for use with the `algorithmicx' style
) (/nix/store/h312apajmlwmii4cmqvjr6fqlhy2xxy8-texlive-2025-env-texmfdist/tex/generic/pgf/frontendlayer/tikz/libraries/tikzlibraryshapes.code.tex
File: tikzlibraryshapes.code.tex 2023-01-15 v3.1.10 (3.1.10)
 (/nix/store/h312apajmlwmii4cmqvjr6fqlhy2xxy8-texlive-2025-env-texmfdist/tex/generic/pgf/frontendlayer/tikz/libraries/tikzlibraryshapes.geometric.code.tex
File: tikzlibraryshapes.geometric.code.tex 2023-01-15 v3.1.10 (3.1.10)
 (/nix/store/h312apajmlwmii4cmqvjr6fqlhy2xxy8-texlive-2025-env-texmfdist/tex/generic/pgf/libraries/shapes/pgflibraryshapes.geometric.code.tex
File: pgflibraryshapes.geometric.code.tex 2023-01-15 v3.1.10 (3.1.10)
)) (/nix/store/h312apajmlwmii4cmqvjr6fqlhy2xxy8-texlive-2025-env-texmfdist/tex/generic/pgf/frontendlayer/tikz/libraries/tikzlibraryshapes.misc.code.tex
File: tikzlibraryshapes.misc.code.tex 2023-01-15 v3.1.10 (3.1.10)
 (/nix/store/h312apajmlwmii4cmqvjr6fqlhy2xxy8-texlive-2025-env-texmfdist/tex/generic/pgf/libraries/shapes/pgflibraryshapes.misc.code.tex
File: pgflibraryshapes.misc.code.tex 2023-01-15 v3.1.10 (3.1.10)
)) (/nix/store/h312apajmlwmii4cmqvjr6fqlhy2xxy8-texlive-2025-env-texmfdist/tex/generic/pgf/frontendlayer/tikz/libraries/tikzlibraryshapes.symbols.code.tex
File: tikzlibraryshapes.symbols.code.tex 2023-01-15 v3.1.10 (3.1.10)
 (/nix/store/h312apajmlwmii4cmqvjr6fqlhy2xxy8-texlive-2025-env-texmfdist/tex/generic/pgf/libraries/shapes/pgflibraryshapes.symbols.code.tex
File: pgflibraryshapes.symbols.code.tex 2023-01-15 v3.1.10 (3.1.10)
)) (/nix/store/h312apajmlwmii4cmqvjr6fqlhy2xxy8-texlive-2025-env-texmfdist/tex/generic/pgf/frontendlayer/tikz/libraries/tikzlibraryshapes.arrows.code.tex
File: tikzlibraryshapes.arrows.code.tex 2023-01-15 v3.1.10 (3.1.10)
 (/nix/store/h312apajmlwmii4cmqvjr6fqlhy2xxy8-texlive-2025-env-texmfdist/tex/generic/pgf/libraries/shapes/pgflibraryshapes.arrows.code.tex
File: pgflibraryshapes.arrows.code.tex 2023-01-15 v3.1.10 (3.1.10)
)) (/nix/store/h312apajmlwmii4cmqvjr6fqlhy2xxy8-texlive-2025-env-texmfdist/tex/generic/pgf/frontendlayer/tikz/libraries/tikzlibraryshapes.callouts.code.tex (/nix/store/h312apajmlwmii4cmqvjr6fqlhy2xxy8-texlive-2025-env-texmfdist/tex/generic/pgf/libraries/shapes/pgflibraryshapes.callouts.code.tex)) (/nix/store/h312apajmlwmii4cmqvjr6fqlhy2xxy8-texlive-2025-env-texmfdist/tex/generic/pgf/frontendlayer/tikz/libraries/tikzlibraryshapes.multipart.code.tex
File: tikzlibraryshapes.multipart.code.tex 2023-01-15 v3.1.10 (3.1.10)
 (/nix/store/h312apajmlwmii4cmqvjr6fqlhy2xxy8-texlive-2025-env-texmfdist/tex/generic/pgf/libraries/shapes/pgflibraryshapes.multipart.code.tex
File: pgflibraryshapes.multipart.code.tex 2023-01-15 v3.1.10 (3.1.10)
\pgfnodepartlowerbox=\box80
\pgfnodeparttwobox=\box81
\pgfnodepartthreebox=\box82
\pgfnodepartfourbox=\box83
\pgfnodeparttwentybox=\box84
\pgfnodepartnineteenbox=\box85
\pgfnodeparteighteenbox=\box86
\pgfnodepartseventeenbox=\box87
\pgfnodepartsixteenbox=\box88
\pgfnodepartfifteenbox=\box89
\pgfnodepartfourteenbox=\box90
\pgfnodepartthirteenbox=\box91
\pgfnodeparttwelvebox=\box92
\pgfnodepartelevenbox=\box93
\pgfnodeparttenbox=\box94
\pgfnodepartninebox=\box95
\pgfnodeparteightbox=\box96
\pgfnodepartsevenbox=\box97
\pgfnodepartsixbox=\box98
\pgfnodepartfivebox=\box99
)))
(/nix/store/h312apajmlwmii4cmqvjr6fqlhy2xxy8-texlive-2025-env-texmfdist/tex/generic/pgf/frontendlayer/tikz/libraries/tikzlibraryarrows.code.tex
File: tikzlibraryarrows.code.tex 2023-01-15 v3.1.10 (3.1.10)
 (/nix/store/h312apajmlwmii4cmqvjr6fqlhy2xxy8-texlive-2025-env-texmfdist/tex/generic/pgf/libraries/pgflibraryarrows.code.tex
File: pgflibraryarrows.code.tex 2023-01-15 v3.1.10 (3.1.10)
\arrowsize=\dimen296
)) (/nix/store/h312apajmlwmii4cmqvjr6fqlhy2xxy8-texlive-2025-env-texmfdist/tex/generic/pgf/frontendlayer/tikz/libraries/tikzlibrarypositioning.code.tex
File: tikzlibrarypositioning.code.tex 2023-01-15 v3.1.10 (3.1.10)
) (/nix/store/h312apajmlwmii4cmqvjr6fqlhy2xxy8-texlive-2025-env-texmfdist/tex/generic/pgf/frontendlayer/tikz/libraries/tikzlibraryfit.code.tex
File: tikzlibraryfit.code.tex 2023-01-15 v3.1.10 (3.1.10)
) (/nix/store/h312apajmlwmii4cmqvjr6fqlhy2xxy8-texlive-2025-env-texmfdist/tex/generic/pgf/frontendlayer/tikz/libraries/tikzlibrarycalc.code.tex
File: tikzlibrarycalc.code.tex 2023-01-15 v3.1.10 (3.1.10)
) (/nix/store/h312apajmlwmii4cmqvjr6fqlhy2xxy8-texlive-2025-env-texmfdist/tex/latex/caption/caption.sty
Package: caption 2023/08/05 v3.6o Customizing captions (AR)
 (/nix/store/h312apajmlwmii4cmqvjr6fqlhy2xxy8-texlive-2025-env-texmfdist/tex/latex/caption/caption3.sty
Package: caption3 2023/07/31 v2.4d caption3 kernel (AR)
\caption@tempdima=\dimen297
\captionmargin=\dimen298
\caption@leftmargin=\dimen299
\caption@rightmargin=\dimen300
\caption@width=\dimen301
\caption@indent=\dimen302
\caption@parindent=\dimen303
\caption@hangindent=\dimen304
Package caption Info: Standard document class detected.
)
\c@caption@flags=\count352
\c@continuedfloat=\count353
Package caption Info: float package is loaded.
Package caption Info: hyperref package is loaded.
) (/nix/store/h312apajmlwmii4cmqvjr6fqlhy2xxy8-texlive-2025-env-texmfdist/tex/latex/caption/subcaption.sty
Package: subcaption 2023/07/28 v1.6b Sub-captions (AR)
Package caption Info: New subtype `subfigure' on input line 238.
\c@subfigure=\count354
Package caption Info: New subtype `subtable' on input line 238.
\c@subtable=\count355
) (/nix/store/h312apajmlwmii4cmqvjr6fqlhy2xxy8-texlive-2025-env-texmfdist/tex/latex/listings/listings.sty
\lst@mode=\count356
\lst@gtempboxa=\box100
\lst@token=\toks46
\lst@length=\count357
\lst@currlwidth=\dimen305
\lst@column=\count358
\lst@pos=\count359
\lst@lostspace=\dimen306
\lst@width=\dimen307
\lst@newlines=\count360
\lst@lineno=\count361
\lst@maxwidth=\dimen308
 (/nix/store/h312apajmlwmii4cmqvjr6fqlhy2xxy8-texlive-2025-env-texmfdist/tex/latex/listings/lstpatch.sty
File: lstpatch.sty 2024/09/23 1.10c (Carsten Heinz)
) (/nix/store/h312apajmlwmii4cmqvjr6fqlhy2xxy8-texlive-2025-env-texmfdist/tex/latex/listings/lstmisc.sty
File: lstmisc.sty 2024/09/23 1.10c (Carsten Heinz)
\c@lstnumber=\count362
\lst@skipnumbers=\count363
\lst@framebox=\box101
) (/nix/store/h312apajmlwmii4cmqvjr6fqlhy2xxy8-texlive-2025-env-texmfdist/tex/latex/listings/listings.cfg
File: listings.cfg 2024/09/23 1.10c listings configuration
))
Package: listings 2024/09/23 1.10c (Carsten Heinz)
 (/nix/store/h312apajmlwmii4cmqvjr6fqlhy2xxy8-texlive-2025-env-texmfdist/tex/latex/fancyhdr/fancyhdr.sty
Package: fancyhdr 2025/02/07 v5.2 Extensive control of page headers and footers
\f@nch@headwidth=\skip61
\f@nch@offset@elh=\skip62
\f@nch@offset@erh=\skip63
\f@nch@offset@olh=\skip64
\f@nch@offset@orh=\skip65
\f@nch@offset@elf=\skip66
\f@nch@offset@erf=\skip67
\f@nch@offset@olf=\skip68
\f@nch@offset@orf=\skip69
\f@nch@height=\skip70
\f@nch@footalignment=\skip71
\f@nch@widthL=\skip72
\f@nch@widthC=\skip73
\f@nch@widthR=\skip74
\@temptokenb=\toks47
) (/nix/store/h312apajmlwmii4cmqvjr6fqlhy2xxy8-texlive-2025-env-texmfdist/tex/latex/titlesec/titlesec.sty
Package: titlesec 2025/01/04 v2.17 Sectioning titles
\ttl@box=\box102
\beforetitleunit=\skip75
\aftertitleunit=\skip76
\ttl@plus=\dimen309
\ttl@minus=\dimen310
\ttl@toksa=\toks48
\titlewidth=\dimen311
\titlewidthlast=\dimen312
\titlewidthfirst=\dimen313
) (/nix/store/h312apajmlwmii4cmqvjr6fqlhy2xxy8-texlive-2025-env-texmfdist/tex/latex/tcolorbox/tcbbreakable.code.tex
Library (tcolorbox): 'tcbbreakable.code.tex' version '6.6.0'
(/nix/store/h312apajmlwmii4cmqvjr6fqlhy2xxy8-texlive-2025-env-texmfdist/tex/latex/pdfcol/pdfcol.sty
Package: pdfcol 2022-09-21 v1.7 Handle new color stacks for pdfTeX (HO)
)
Package pdfcol Info: New color stack `tcb@breakable' = 1 on input line 23.
\tcb@testbox=\box103
\tcb@totalupperbox=\box104
\tcb@totallowerbox=\box105
) (/nix/store/h312apajmlwmii4cmqvjr6fqlhy2xxy8-texlive-2025-env-texmfdist/tex/latex/tcolorbox/tcbskins.code.tex
Library (tcolorbox): 'tcbskins.code.tex' version '6.6.0'
(/nix/store/h312apajmlwmii4cmqvjr6fqlhy2xxy8-texlive-2025-env-texmfdist/tex/latex/tikzfill/tikzfill.image.sty
Package: tikzfill.image 2023/08/08 v1.0.1 Image filling library for TikZ
 (/nix/store/h312apajmlwmii4cmqvjr6fqlhy2xxy8-texlive-2025-env-texmfdist/tex/latex/tikzfill/tikzfill-common.sty
Package: tikzfill-common 2023/08/08 v1.0.1 Auxiliary code for tikzfill
) (/nix/store/h312apajmlwmii4cmqvjr6fqlhy2xxy8-texlive-2025-env-texmfdist/tex/latex/tikzfill/tikzlibraryfill.image.code.tex
File: tikzlibraryfill.image.code.tex 2023/08/08 v1.0.1 Image filling library
\l__tikzfill_img_box=\box106
)) (/nix/store/h312apajmlwmii4cmqvjr6fqlhy2xxy8-texlive-2025-env-texmfdist/tex/latex/tcolorbox/tcbskinsjigsaw.code.tex
Library (tcolorbox): 'tcbskinsjigsaw.code.tex' version '6.6.0'
))
Package hyperref Info: Option `colorlinks' set `true' on input line 77.
 (/nix/store/h312apajmlwmii4cmqvjr6fqlhy2xxy8-texlive-2025-env-texmfdist/tex/latex/l3backend/l3backend-pdftex.def
File: l3backend-pdftex.def 2025-06-09 L3 backend support: PDF output (pdfTeX)
\l__color_backend_stack_int=\count364
) (./manual.aux
LaTeX Info: Redefining \. on input line 11.
LaTeX Info: Redefining \% on input line 11.
Package babel Info: 'spanish' activates 'spanish' shorthands.
(babel)             Reported  on input line 11.
)
\openout1 = `manual.aux'.

LaTeX Font Info:    Checking defaults for OML/cmm/m/it on input line 81.
LaTeX Font Info:    ... okay on input line 81.
LaTeX Font Info:    Checking defaults for OMS/cmsy/m/n on input line 81.
LaTeX Font Info:    ... okay on input line 81.
LaTeX Font Info:    Checking defaults for OT1/cmr/m/n on input line 81.
LaTeX Font Info:    ... okay on input line 81.
LaTeX Font Info:    Checking defaults for T1/cmr/m/n on input line 81.
LaTeX Font Info:    ... okay on input line 81.
LaTeX Font Info:    Checking defaults for TS1/cmr/m/n on input line 81.
LaTeX Font Info:    ... okay on input line 81.
LaTeX Font Info:    Checking defaults for OMX/cmex/m/n on input line 81.
LaTeX Font Info:    ... okay on input line 81.
LaTeX Font Info:    Checking defaults for U/cmr/m/n on input line 81.
LaTeX Font Info:    ... okay on input line 81.
LaTeX Font Info:    Checking defaults for PD1/pdf/m/n on input line 81.
LaTeX Font Info:    ... okay on input line 81.
LaTeX Font Info:    Checking defaults for PU/pdf/m/n on input line 81.
LaTeX Font Info:    ... okay on input line 81.
LaTeX Info: Redefining \. on input line 81.
LaTeX Info: Redefining \% on input line 81.

*geometry* driver: auto-detecting
*geometry* detected driver: pdftex
*geometry* verbose mode - [ preamble ] result:
* driver: pdftex
* paper: a4paper
* layout: <same size as paper>
* layoutoffset:(h,v)=(0.0pt,0.0pt)
* modes: 
* h-part:(L,W,R)=(71.13188pt, 455.24411pt, 71.13188pt)
* v-part:(T,H,B)=(71.13188pt, 702.78308pt, 71.13188pt)
* \paperwidth=597.50787pt
* \paperheight=845.04684pt
* \textwidth=455.24411pt
* \textheight=702.78308pt
* \oddsidemargin=-1.1381pt
* \evensidemargin=-1.1381pt
* \topmargin=-38.1381pt
* \headheight=12.0pt
* \headsep=25.0pt
* \topskip=12.0pt
* \footskip=30.0pt
* \marginparwidth=35.0pt
* \marginparsep=10.0pt
* \columnsep=10.0pt
* \skip\footins=10.8pt plus 4.0pt minus 2.0pt
* \hoffset=0.0pt
* \voffset=0.0pt
* \mag=1000
* \@twocolumnfalse
* \@twosidefalse
* \@mparswitchfalse
* \@reversemarginfalse
* (1in=72.27pt=25.4mm, 1cm=28.453pt)

(/nix/store/h312apajmlwmii4cmqvjr6fqlhy2xxy8-texlive-2025-env-texmfdist/tex/context/base/mkii/supp-pdf.mkii
[Loading MPS to PDF converter (version 2006.09.02).]
\scratchcounter=\count365
\scratchdimen=\dimen314
\scratchbox=\box107
\nofMPsegments=\count366
\nofMParguments=\count367
\everyMPshowfont=\toks49
\MPscratchCnt=\count368
\MPscratchDim=\dimen315
\MPnumerator=\count369
\makeMPintoPDFobject=\count370
\everyMPtoPDFconversion=\toks50
) (/nix/store/h312apajmlwmii4cmqvjr6fqlhy2xxy8-texlive-2025-env-texmfdist/tex/latex/epstopdf-pkg/epstopdf-base.sty
Package: epstopdf-base 2020-01-24 v2.11 Base part for package epstopdf
Package epstopdf-base Info: Redefining graphics rule for `.eps' on input line 485.
 (/nix/store/h312apajmlwmii4cmqvjr6fqlhy2xxy8-texlive-2025-env-texmfdist/tex/latex/latexconfig/epstopdf-sys.cfg
File: epstopdf-sys.cfg 2010/07/13 v1.3 Configuration of (r)epstopdf for TeX Live
))
Package hyperref Info: Link coloring ON on input line 81.
 (./manual.out) (./manual.out)
\@outlinefile=\write4
\openout4 = `manual.out'.

Package caption Info: Begin \AtBeginDocument code.
Package caption Info: listings package is loaded.
Package caption Info: End \AtBeginDocument code.
\c@lstlisting=\count371
LaTeX Font Info:    Trying to load font information for U+msa on input line 89.
 (/nix/store/h312apajmlwmii4cmqvjr6fqlhy2xxy8-texlive-2025-env-texmfdist/tex/latex/amsfonts/umsa.fd
File: umsa.fd 2013/01/14 v3.01 AMS symbols A
)
LaTeX Font Info:    Trying to load font information for U+msb on input line 89.
 (/nix/store/h312apajmlwmii4cmqvjr6fqlhy2xxy8-texlive-2025-env-texmfdist/tex/latex/amsfonts/umsb.fd
File: umsb.fd 2013/01/14 v3.01 AMS symbols B
)

[1

{/nix/store/a39cjm4s5yhfq1bkzb0fnzjcf6ds91ra-texlive-2025-env/share/texmf-var/fonts/map/pdftex/updmap/pdftex.map}] (./manual.toc
LaTeX Info: Redefining \. on input line 1.
LaTeX Info: Redefining \% on input line 1.


LaTeX Info: Redefining \. on input line 33.
LaTeX Info: Redefining \% on input line 33.
Package babel Info: 'spanish' activates 'spanish' shorthands.
(babel)             Reported  on input line 33.

Package fancyhdr Warning: \headheight is too small (12.0pt): 
(fancyhdr)                Make it at least 15.71667pt, for example:
(fancyhdr)                \setlength{\headheight}{15.71667pt}.
(fancyhdr)                You might also make \topmargin smaller:
(fancyhdr)                \addtolength{\topmargin}{-3.71667pt}.


pdfTeX warning (ext4): destination with the same identifier (name{page.1}) has been already used, duplicate ignored
<to be read again> 
                   \relax 
l.33 ... OX (Order Crossover)}{23}{subsection.4.6}
                                                  % [1])
\tf@toc=\write5
\openout5 = `manual.toc'.



LaTeX Info: Redefining \. on input line 99.
LaTeX Info: Redefining \% on input line 99.

Package fancyhdr Warning: \headheight is too small (12.0pt): 
(fancyhdr)                Make it at least 15.71667pt, for example:
(fancyhdr)                \setlength{\headheight}{15.71667pt}.
(fancyhdr)                You might also make \topmargin smaller:
(fancyhdr)                \addtolength{\topmargin}{-3.71667pt}.

[2]

LaTeX Info: Redefining \. on input line 152.
LaTeX Info: Redefining \% on input line 152.

Package fancyhdr Warning: \headheight is too small (12.0pt): 
(fancyhdr)                Make it at least 15.71667pt, for example:
(fancyhdr)                \setlength{\headheight}{15.71667pt}.
(fancyhdr)                You might also make \topmargin smaller:
(fancyhdr)                \addtolength{\topmargin}{-3.71667pt}.

[3]
Overfull \hbox (37.45464pt too wide) detected at line 215
[]
 []



LaTeX Info: Redefining \. on input line 221.
LaTeX Info: Redefining \% on input line 221.

Package fancyhdr Warning: \headheight is too small (12.0pt): 
(fancyhdr)                Make it at least 15.71667pt, for example:
(fancyhdr)                \setlength{\headheight}{15.71667pt}.
(fancyhdr)                You might also make \topmargin smaller:
(fancyhdr)                \addtolength{\topmargin}{-3.71667pt}.

[4]

LaTeX Info: Redefining \. on input line 257.
LaTeX Info: Redefining \% on input line 257.

Package fancyhdr Warning: \headheight is too small (12.0pt): 
(fancyhdr)                Make it at least 15.71667pt, for example:
(fancyhdr)                \setlength{\headheight}{15.71667pt}.
(fancyhdr)                You might also make \topmargin smaller:
(fancyhdr)                \addtolength{\topmargin}{-3.71667pt}.

[5]
Package hyperref Info: bookmark level for unknown algorithm defaults to 0 on input line 262.


LaTeX Info: Redefining \. on input line 324.
LaTeX Info: Redefining \% on input line 324.

Package fancyhdr Warning: \headheight is too small (12.0pt): 
(fancyhdr)                Make it at least 15.71667pt, for example:
(fancyhdr)                \setlength{\headheight}{15.71667pt}.
(fancyhdr)                You might also make \topmargin smaller:
(fancyhdr)                \addtolength{\topmargin}{-3.71667pt}.

[6]
Underfull \hbox (badness 10000) in paragraph at lines 342--343
[]|\OT1/cmr/m/n/12 Tabla prin-ci-pal de Held-Karp. Al-ma-ce-na
 []


Underfull \hbox (badness 10000) in paragraph at lines 342--343
\OT1/cmr/m/n/12 el cos-to m^^S^^Pni-mo del ca-mino: $[] \OMS/cmsy/m/n/12 !
 []



LaTeX Info: Redefining \. on input line 365.
LaTeX Info: Redefining \% on input line 365.

Package fancyhdr Warning: \headheight is too small (12.0pt): 
(fancyhdr)                Make it at least 15.71667pt, for example:
(fancyhdr)                \setlength{\headheight}{15.71667pt}.
(fancyhdr)                You might also make \topmargin smaller:
(fancyhdr)                \addtolength{\topmargin}{-3.71667pt}.

[7]
Overfull \vbox (237.3082pt too high) has occurred while \output is active []



LaTeX Info: Redefining \. on input line 365.
LaTeX Info: Redefining \% on input line 365.

Package fancyhdr Warning: \headheight is too small (12.0pt): 
(fancyhdr)                Make it at least 15.71667pt, for example:
(fancyhdr)                \setlength{\headheight}{15.71667pt}.
(fancyhdr)                You might also make \topmargin smaller:
(fancyhdr)                \addtolength{\topmargin}{-3.71667pt}.

[8]
Overfull \hbox (34.32689pt too wide) in paragraph at lines 370--371
[]\OT1/cmr/bx/n/12 Demanda acu-mu-la-da por sub-con-jun-to. \OT1/cmr/m/n/12 Se pre-compu-tan $2[]$ va-lo-res $\OML/cmm/m/it/12 sdmnd\OT1/cmr/m/n/12 [[]]$,
 []


Overfull \hbox (19.02509pt too wide) in paragraph at lines 386--387
[]\OT1/cmr/bx/n/12 Inicializaci^^Son del Set-Cover DP. $\OML/cmm/m/it/12 dp\OT1/cmr/m/n/12 [\OMS/cmsy/m/n/12 ;\OT1/cmr/m/n/12 ] = 0$ (sin clien-tes, cos-to ce-ro). $\OML/cmm/m/it/12 dp\OT1/cmr/m/n/12 [[]] =
 []



LaTeX Info: Redefining \. on input line 391.
LaTeX Info: Redefining \% on input line 391.

Package fancyhdr Warning: \headheight is too small (12.0pt): 
(fancyhdr)                Make it at least 15.71667pt, for example:
(fancyhdr)                \setlength{\headheight}{15.71667pt}.
(fancyhdr)                You might also make \topmargin smaller:
(fancyhdr)                \addtolength{\topmargin}{-3.71667pt}.

[9]

LaTeX Info: Redefining \. on input line 418.
LaTeX Info: Redefining \% on input line 418.

Package fancyhdr Warning: \headheight is too small (12.0pt): 
(fancyhdr)                Make it at least 15.71667pt, for example:
(fancyhdr)                \setlength{\headheight}{15.71667pt}.
(fancyhdr)                You might also make \topmargin smaller:
(fancyhdr)                \addtolength{\topmargin}{-3.71667pt}.

[10]

LaTeX Info: Redefining \. on input line 454.
LaTeX Info: Redefining \% on input line 454.

Package fancyhdr Warning: \headheight is too small (12.0pt): 
(fancyhdr)                Make it at least 14.49998pt, for example:
(fancyhdr)                \setlength{\headheight}{14.49998pt}.
(fancyhdr)                You might also make \topmargin smaller:
(fancyhdr)                \addtolength{\topmargin}{-2.49998pt}.

[11]

LaTeX Info: Redefining \. on input line 491.
LaTeX Info: Redefining \% on input line 491.

Package fancyhdr Warning: \headheight is too small (12.0pt): 
(fancyhdr)                Make it at least 14.49998pt, for example:
(fancyhdr)                \setlength{\headheight}{14.49998pt}.
(fancyhdr)                You might also make \topmargin smaller:
(fancyhdr)                \addtolength{\topmargin}{-2.49998pt}.

[12]

LaTeX Info: Redefining \. on input line 537.
LaTeX Info: Redefining \% on input line 537.

Package fancyhdr Warning: \headheight is too small (12.0pt): 
(fancyhdr)                Make it at least 14.49998pt, for example:
(fancyhdr)                \setlength{\headheight}{14.49998pt}.
(fancyhdr)                You might also make \topmargin smaller:
(fancyhdr)                \addtolength{\topmargin}{-2.49998pt}.

[13]

LaTeX Info: Redefining \. on input line 584.
LaTeX Info: Redefining \% on input line 584.

Package fancyhdr Warning: \headheight is too small (12.0pt): 
(fancyhdr)                Make it at least 14.49998pt, for example:
(fancyhdr)                \setlength{\headheight}{14.49998pt}.
(fancyhdr)                You might also make \topmargin smaller:
(fancyhdr)                \addtolength{\topmargin}{-2.49998pt}.

[14]

LaTeX Info: Redefining \. on input line 619.
LaTeX Info: Redefining \% on input line 619.

Package fancyhdr Warning: \headheight is too small (12.0pt): 
(fancyhdr)                Make it at least 14.49998pt, for example:
(fancyhdr)                \setlength{\headheight}{14.49998pt}.
(fancyhdr)                You might also make \topmargin smaller:
(fancyhdr)                \addtolength{\topmargin}{-2.49998pt}.

[15]

LaTeX Info: Redefining \. on input line 661.
LaTeX Info: Redefining \% on input line 661.

Package fancyhdr Warning: \headheight is too small (12.0pt): 
(fancyhdr)                Make it at least 14.49998pt, for example:
(fancyhdr)                \setlength{\headheight}{14.49998pt}.
(fancyhdr)                You might also make \topmargin smaller:
(fancyhdr)                \addtolength{\topmargin}{-2.49998pt}.

[16]

LaTeX Info: Redefining \. on input line 731.
LaTeX Info: Redefining \% on input line 731.

Package fancyhdr Warning: \headheight is too small (12.0pt): 
(fancyhdr)                Make it at least 14.49998pt, for example:
(fancyhdr)                \setlength{\headheight}{14.49998pt}.
(fancyhdr)                You might also make \topmargin smaller:
(fancyhdr)                \addtolength{\topmargin}{-2.49998pt}.

[17]

LaTeX Info: Redefining \. on input line 739.
LaTeX Info: Redefining \% on input line 739.

Package fancyhdr Warning: \headheight is too small (12.0pt): 
(fancyhdr)                Make it at least 14.49998pt, for example:
(fancyhdr)                \setlength{\headheight}{14.49998pt}.
(fancyhdr)                You might also make \topmargin smaller:
(fancyhdr)                \addtolength{\topmargin}{-2.49998pt}.

[18]

Package hyperref Warning: Token not allowed in a PDF string (Unicode):
(hyperref)                removing `math shift' on input line 749.


Package hyperref Warning: Token not allowed in a PDF string (Unicode):
(hyperref)                removing `math shift' on input line 749.



LaTeX Info: Redefining \. on input line 766.
LaTeX Info: Redefining \% on input line 766.

Package fancyhdr Warning: \headheight is too small (12.0pt): 
(fancyhdr)                Make it at least 15.71667pt, for example:
(fancyhdr)                \setlength{\headheight}{15.71667pt}.
(fancyhdr)                You might also make \topmargin smaller:
(fancyhdr)                \addtolength{\topmargin}{-3.71667pt}.

[19]

Package hyperref Warning: Token not allowed in a PDF string (Unicode):
(hyperref)                removing `math shift' on input line 785.


Package hyperref Warning: Token not allowed in a PDF string (Unicode):
(hyperref)                removing `math shift' on input line 785.


Package hyperref Warning: Token not allowed in a PDF string (Unicode):
(hyperref)                removing `math shift' on input line 797.


Package hyperref Warning: Token not allowed in a PDF string (Unicode):
(hyperref)                removing `math shift' on input line 797.



LaTeX Info: Redefining \. on input line 800.
LaTeX Info: Redefining \% on input line 800.

Package fancyhdr Warning: \headheight is too small (12.0pt): 
(fancyhdr)                Make it at least 15.71667pt, for example:
(fancyhdr)                \setlength{\headheight}{15.71667pt}.
(fancyhdr)                You might also make \topmargin smaller:
(fancyhdr)                \addtolength{\topmargin}{-3.71667pt}.

[20]
Overfull \hbox (96.38588pt too wide) detected at line 827
\OT1/cmr/m/n/12 0 \OMS/cmsy/m/n/12 ! \OT1/cmr/m/n/12 3 \OMS/cmsy/m/n/12 ! \OT1/cmr/m/n/12 5 \OMS/cmsy/m/n/12 ! \OT1/cmr/m/n/12 6 ([][0 \OMS/cmsy/m/n/12 ! \OT1/cmr/m/n/12 3] = \OMS/cmsy/m/n/12 f\OML/cmm/m/it/12 C\OT1/cmr/m/n/12 3\OML/cmm/m/it/12 ; C\OT1/cmr/m/n/12 1\OML/cmm/m/it/12 ; C\OT1/cmr/m/n/12 2\OMS/cmsy/m/n/12 g []\OML/cmm/m/it/12 ;  \OT1/cmr/m/n/12 [3 \OMS/cmsy/m/n/12 ! \OT1/cmr/m/n/12 5] = \OMS/cmsy/m/n/12 f\OML/cmm/m/it/12 C\OT1/cmr/m/n/12 5\OML/cmm/m/it/12 ; C\OT1/cmr/m/n/12 4\OMS/cmsy/m/n/12 g []\OML/cmm/m/it/12 ;  \OT1/cmr/m/n/12 [5 \OMS/cmsy/m/n/12 ! \OT1/cmr/m/n/12 6] = \OMS/cmsy/m/n/12 f\OML/cmm/m/it/12 C\OT1/cmr/m/n/12 6\OMS/cmsy/m/n/12 g []\OT1/cmr/m/n/12 )
 []



LaTeX Info: Redefining \. on input line 836.
LaTeX Info: Redefining \% on input line 836.

Package fancyhdr Warning: \headheight is too small (12.0pt): 
(fancyhdr)                Make it at least 15.71667pt, for example:
(fancyhdr)                \setlength{\headheight}{15.71667pt}.
(fancyhdr)                You might also make \topmargin smaller:
(fancyhdr)                \addtolength{\topmargin}{-3.71667pt}.

[21{/nix/store/h312apajmlwmii4cmqvjr6fqlhy2xxy8-texlive-2025-env-texmfdist/fonts/enc/dvips/cm-super/cm-super-ts1.enc}]

LaTeX Info: Redefining \. on input line 880.
LaTeX Info: Redefining \% on input line 880.

Package fancyhdr Warning: \headheight is too small (12.0pt): 
(fancyhdr)                Make it at least 15.71667pt, for example:
(fancyhdr)                \setlength{\headheight}{15.71667pt}.
(fancyhdr)                You might also make \topmargin smaller:
(fancyhdr)                \addtolength{\topmargin}{-3.71667pt}.

[22]

LaTeX Info: Redefining \. on input line 940.
LaTeX Info: Redefining \% on input line 940.

Package fancyhdr Warning: \headheight is too small (12.0pt): 
(fancyhdr)                Make it at least 15.71667pt, for example:
(fancyhdr)                \setlength{\headheight}{15.71667pt}.
(fancyhdr)                You might also make \topmargin smaller:
(fancyhdr)                \addtolength{\topmargin}{-3.71667pt}.

[23]

LaTeX Info: Redefining \. on input line 973.
LaTeX Info: Redefining \% on input line 973.

Package fancyhdr Warning: \headheight is too small (12.0pt): 
(fancyhdr)                Make it at least 15.71667pt, for example:
(fancyhdr)                \setlength{\headheight}{15.71667pt}.
(fancyhdr)                You might also make \topmargin smaller:
(fancyhdr)                \addtolength{\topmargin}{-3.71667pt}.

[24]
Underfull \hbox (badness 10000) in paragraph at lines 981--983
[]\OT1/cmr/m/n/12 Soluci^^Son A: D1$\OMS/cmsy/m/n/12 !$\OT1/cmr/m/n/12 [C1$\OMS/cmsy/m/n/12 !$\OT1/cmr/m/n/12 C2$\OMS/cmsy/m/n/12 !$\OT1/cmr/m/n/12 C3], D2$\OMS/cmsy/m/n/12 !$\OT1/cmr/m/n/12 [C4$\OMS/cmsy/m/n/12 !$\OT1/cmr/m/n/12 C5]. Pa-res en A:
 []


Underfull \hbox (badness 10000) in paragraph at lines 984--986
[]\OT1/cmr/m/n/12 Soluci^^Son B: D1$\OMS/cmsy/m/n/12 !$\OT1/cmr/m/n/12 [C1$\OMS/cmsy/m/n/12 !$\OT1/cmr/m/n/12 C3], D2$\OMS/cmsy/m/n/12 !$\OT1/cmr/m/n/12 [C4$\OMS/cmsy/m/n/12 !$\OT1/cmr/m/n/12 C2$\OMS/cmsy/m/n/12 !$\OT1/cmr/m/n/12 C5]. Pa-res en B:
 []


Package hyperref Warning: Token not allowed in a PDF string (Unicode):
(hyperref)                removing `math shift' on input line 1005.


Package hyperref Warning: Token not allowed in a PDF string (Unicode):
(hyperref)                removing `math shift' on input line 1005.


Overfull \hbox (6.89276pt too wide) in paragraph at lines 1011--1012
[]\OT1/cmr/m/n/12 Instancia LRP, par^^Same-tros $\OML/cmm/m/it/12 ^^V; MaxNbAcc; MaxNbNoAdd; MaxNbRej; \OT1/cmr/m/n/12 ^^A[]\OML/cmm/m/it/12 ; ^^L$ 
 []



LaTeX Info: Redefining \. on input line 1048.
LaTeX Info: Redefining \% on input line 1048.

Package fancyhdr Warning: \headheight is too small (12.0pt): 
(fancyhdr)                Make it at least 15.71667pt, for example:
(fancyhdr)                \setlength{\headheight}{15.71667pt}.
(fancyhdr)                You might also make \topmargin smaller:
(fancyhdr)                \addtolength{\topmargin}{-3.71667pt}.

[25]

LaTeX Info: Redefining \. on input line 1055.
LaTeX Info: Redefining \% on input line 1055.

Package fancyhdr Warning: \headheight is too small (12.0pt): 
(fancyhdr)                Make it at least 15.71667pt, for example:
(fancyhdr)                \setlength{\headheight}{15.71667pt}.
(fancyhdr)                You might also make \topmargin smaller:
(fancyhdr)                \addtolength{\topmargin}{-3.71667pt}.

[26]

LaTeX Info: Redefining \. on input line 1094.
LaTeX Info: Redefining \% on input line 1094.

Package fancyhdr Warning: \headheight is too small (12.0pt): 
(fancyhdr)                Make it at least 15.71667pt, for example:
(fancyhdr)                \setlength{\headheight}{15.71667pt}.
(fancyhdr)                You might also make \topmargin smaller:
(fancyhdr)                \addtolength{\topmargin}{-3.71667pt}.

[27]
Underfull \hbox (badness 10000) in paragraph at lines 1109--1109
[]|\OT1/cmr/m/n/12 Enumeraci^^Son com-
 []


Underfull \hbox (badness 10000) in paragraph at lines 1110--1111
[]|\OT1/cmr/m/n/12 B^^Susque-da lo-cal
 []


Overfull \hbox (11.86017pt too wide) in paragraph at lines 1101--1115
 [] 
 []



LaTeX Info: Redefining \. on input line 1137.
LaTeX Info: Redefining \% on input line 1137.

Package fancyhdr Warning: \headheight is too small (12.0pt): 
(fancyhdr)                Make it at least 15.71667pt, for example:
(fancyhdr)                \setlength{\headheight}{15.71667pt}.
(fancyhdr)                You might also make \topmargin smaller:
(fancyhdr)                \addtolength{\topmargin}{-3.71667pt}.

[28]

LaTeX Info: Redefining \. on input line 1167.
LaTeX Info: Redefining \% on input line 1167.

Package fancyhdr Warning: \headheight is too small (12.0pt): 
(fancyhdr)                Make it at least 14.49998pt, for example:
(fancyhdr)                \setlength{\headheight}{14.49998pt}.
(fancyhdr)                You might also make \topmargin smaller:
(fancyhdr)                \addtolength{\topmargin}{-2.49998pt}.

[29]

LaTeX Info: Redefining \. on input line 1219.
LaTeX Info: Redefining \% on input line 1219.

Package fancyhdr Warning: \headheight is too small (12.0pt): 
(fancyhdr)                Make it at least 27.05003pt, for example:
(fancyhdr)                \setlength{\headheight}{27.05003pt}.
(fancyhdr)                You might also make \topmargin smaller:
(fancyhdr)                \addtolength{\topmargin}{-15.05003pt}.

[30]

LaTeX Info: Redefining \. on input line 1271.
LaTeX Info: Redefining \% on input line 1271.

Package fancyhdr Warning: \headheight is too small (12.0pt): 
(fancyhdr)                Make it at least 27.05003pt, for example:
(fancyhdr)                \setlength{\headheight}{27.05003pt}.
(fancyhdr)                You might also make \topmargin smaller:
(fancyhdr)                \addtolength{\topmargin}{-15.05003pt}.

[31]

LaTeX Info: Redefining \. on input line 1317.
LaTeX Info: Redefining \% on input line 1317.

Package fancyhdr Warning: \headheight is too small (12.0pt): 
(fancyhdr)                Make it at least 27.05003pt, for example:
(fancyhdr)                \setlength{\headheight}{27.05003pt}.
(fancyhdr)                You might also make \topmargin smaller:
(fancyhdr)                \addtolength{\topmargin}{-15.05003pt}.

[32]
LaTeX Font Info:    Font shape `OT1/cmtt/bx/n' in size <12> not available
(Font)              Font shape `OT1/cmtt/m/n' tried instead on input line 1357.

Overfull \hbox (140.09654pt too wide) in paragraph at lines 1367--1376
 [] 
 []



LaTeX Info: Redefining \. on input line 1376.
LaTeX Info: Redefining \% on input line 1376.

Package fancyhdr Warning: \headheight is too small (12.0pt): 
(fancyhdr)                Make it at least 27.05003pt, for example:
(fancyhdr)                \setlength{\headheight}{27.05003pt}.
(fancyhdr)                You might also make \topmargin smaller:
(fancyhdr)                \addtolength{\topmargin}{-15.05003pt}.

[33]
Overfull \hbox (7.41838pt too wide) in paragraph at lines 1402--1404
[]$\OML/cmm/m/it/12 S[] \OT1/cmr/m/n/12 = \OML/cmm/m/it/12 S[]$\OT1/cmr/m/n/12 : $\OML/cmm/m/it/12 D[] \OT1/cmr/m/n/12 : [ \OML/cmm/m/it/12 C[] \OT1/cmr/m/n/12 ]$, $\OML/cmm/m/it/12 D[] \OT1/cmr/m/n/12 : [ \OML/cmm/m/it/12 C[]; C[] \OT1/cmr/m/n/12 ]$, cos-to $[]$. $^^A\OML/cmm/m/it/12 E \OT1/cmr/m/n/12 = 0$. Acep-ta-do. Pe-sos de \OT1/cmtt/m/n/12 worst[]removal
 []



LaTeX Info: Redefining \. on input line 1426.
LaTeX Info: Redefining \% on input line 1426.

Package fancyhdr Warning: \headheight is too small (12.0pt): 
(fancyhdr)                Make it at least 27.05003pt, for example:
(fancyhdr)                \setlength{\headheight}{27.05003pt}.
(fancyhdr)                You might also make \topmargin smaller:
(fancyhdr)                \addtolength{\topmargin}{-15.05003pt}.

[34]
LaTeX Font Info:    Trying to load font information for OMS+cmr on input line 1430.
 (/nix/store/h312apajmlwmii4cmqvjr6fqlhy2xxy8-texlive-2025-env-texmfdist/tex/latex/base/omscmr.fd
File: omscmr.fd 2024/11/19 v2.5n Standard LaTeX font definitions
)
LaTeX Font Info:    Font shape `OMS/cmr/m/n' in size <12> not available
(Font)              Font shape `OMS/cmsy/m/n' tried instead on input line 1430.

Overfull \hbox (173.49658pt too wide) in paragraph at lines 1460--1471
 [] 
 []



LaTeX Info: Redefining \. on input line 1479.
LaTeX Info: Redefining \% on input line 1479.

Package fancyhdr Warning: \headheight is too small (12.0pt): 
(fancyhdr)                Make it at least 27.05003pt, for example:
(fancyhdr)                \setlength{\headheight}{27.05003pt}.
(fancyhdr)                You might also make \topmargin smaller:
(fancyhdr)                \addtolength{\topmargin}{-15.05003pt}.

[35]
Overfull \hbox (173.49658pt too wide) in paragraph at lines 1485--1496
 [] 
 []



LaTeX Info: Redefining \. on input line 1540.
LaTeX Info: Redefining \% on input line 1540.

Package fancyhdr Warning: \headheight is too small (12.0pt): 
(fancyhdr)                Make it at least 27.05003pt, for example:
(fancyhdr)                \setlength{\headheight}{27.05003pt}.
(fancyhdr)                You might also make \topmargin smaller:
(fancyhdr)                \addtolength{\topmargin}{-15.05003pt}.

[36]
Overfull \hbox (189.61105pt too wide) in paragraph at lines 1541--1552
 [] 
 []


Overfull \hbox (182.15417pt too wide) in paragraph at lines 1597--1606
 [] 
 []



LaTeX Info: Redefining \. on input line 1606.
LaTeX Info: Redefining \% on input line 1606.

Package fancyhdr Warning: \headheight is too small (12.0pt): 
(fancyhdr)                Make it at least 27.05003pt, for example:
(fancyhdr)                \setlength{\headheight}{27.05003pt}.
(fancyhdr)                You might also make \topmargin smaller:
(fancyhdr)                \addtolength{\topmargin}{-15.05003pt}.

[37]

LaTeX Info: Redefining \. on input line 1611.
LaTeX Info: Redefining \% on input line 1611.

Package fancyhdr Warning: \headheight is too small (12.0pt): 
(fancyhdr)                Make it at least 27.05003pt, for example:
(fancyhdr)                \setlength{\headheight}{27.05003pt}.
(fancyhdr)                You might also make \topmargin smaller:
(fancyhdr)                \addtolength{\topmargin}{-15.05003pt}.

[38] (./manual.aux
LaTeX Info: Redefining \. on input line 11.
LaTeX Info: Redefining \% on input line 11.
)
 ***********
LaTeX2e <2025-06-01> patch level 1
L3 programming layer <2025-06-09>
 ***********
Package rerunfilecheck Info: File `manual.out' has not changed.
(rerunfilecheck)             Checksum: 19681E2BE087EE65B159AF0CF0583A1F;11545.
 ) 
Here is how much of TeX's memory you used:
 32928 strings out of 467890
 669329 string characters out of 5410143
 1120918 words of memory out of 5000000
 60874 multiletter control sequences out of 15000+600000
 640595 words of font info for 91 fonts, out of 8000000 for 9000
 1141 hyphenation exceptions out of 8191
 98i,18n,101p,601b,1011s stack positions out of 10000i,1000n,20000p,200000b,200000s
</nix/store/h312apajmlwmii4cmqvjr6fqlhy2xxy8-texlive-2025-env-texmfdist/fonts/type1/public/amsfonts/cm/cmbx12.pfb></nix/store/h312apajmlwmii4cmqvjr6fqlhy2xxy8-texlive-2025-env-texmfdist/fonts/type1/public/amsfonts/cm/cmbx8.pfb></nix/store/h312apajmlwmii4cmqvjr6fqlhy2xxy8-texlive-2025-env-texmfdist/fonts/type1/public/amsfonts/cm/cmbxti10.pfb></nix/store/h312apajmlwmii4cmqvjr6fqlhy2xxy8-texlive-2025-env-texmfdist/fonts/type1/public/amsfonts/cm/cmcsc10.pfb></nix/store/h312apajmlwmii4cmqvjr6fqlhy2xxy8-texlive-2025-env-texmfdist/fonts/type1/public/amsfonts/cm/cmex10.pfb></nix/store/h312apajmlwmii4cmqvjr6fqlhy2xxy8-texlive-2025-env-texmfdist/fonts/type1/public/amsfonts/cm/cmmi12.pfb></nix/store/h312apajmlwmii4cmqvjr6fqlhy2xxy8-texlive-2025-env-texmfdist/fonts/type1/public/amsfonts/cm/cmmi6.pfb></nix/store/h312apajmlwmii4cmqvjr6fqlhy2xxy8-texlive-2025-env-texmfdist/fonts/type1/public/amsfonts/cm/cmmi8.pfb></nix/store/h312apajmlwmii4cmqvjr6fqlhy2xxy8-texlive-2025-env-texmfdist/fonts/type1/public/amsfonts/cm/cmr10.pfb></nix/store/h312apajmlwmii4cmqvjr6fqlhy2xxy8-texlive-2025-env-texmfdist/fonts/type1/public/amsfonts/cm/cmr12.pfb></nix/store/h312apajmlwmii4cmqvjr6fqlhy2xxy8-texlive-2025-env-texmfdist/fonts/type1/public/amsfonts/cm/cmr17.pfb></nix/store/h312apajmlwmii4cmqvjr6fqlhy2xxy8-texlive-2025-env-texmfdist/fonts/type1/public/amsfonts/cm/cmr6.pfb></nix/store/h312apajmlwmii4cmqvjr6fqlhy2xxy8-texlive-2025-env-texmfdist/fonts/type1/public/amsfonts/cm/cmr8.pfb></nix/store/h312apajmlwmii4cmqvjr6fqlhy2xxy8-texlive-2025-env-texmfdist/fonts/type1/public/amsfonts/cm/cmsy10.pfb></nix/store/h312apajmlwmii4cmqvjr6fqlhy2xxy8-texlive-2025-env-texmfdist/fonts/type1/public/amsfonts/cm/cmsy8.pfb></nix/store/h312apajmlwmii4cmqvjr6fqlhy2xxy8-texlive-2025-env-texmfdist/fonts/type1/public/amsfonts/cm/cmti12.pfb></nix/store/h312apajmlwmii4cmqvjr6fqlhy2xxy8-texlive-2025-env-texmfdist/fonts/type1/public/amsfonts/cm/cmtt12.pfb></nix/store/h312apajmlwmii4cmqvjr6fqlhy2xxy8-texlive-2025-env-texmfd
ist/fonts/type1/public/amsfonts/symbols/msam10.pfb></nix/store/h312apajmlwmii4cmqvjr6fqlhy2xxy8-texlive-2025-env-texmfdist/fonts/type1/public/cm-super/sfrm1200.pfb>
Output written on manual.pdf (39 pages, 356762 bytes).
PDF statistics:
 542 PDF objects out of 1000 (max. 8388607)
 458 compressed objects within 5 object streams
 104 named destinations out of 1000 (max. 500000)
 365 words of extra memory for PDF output out of 10000 (max. 10000000)

