\BOOKMARK [1][-]{section.1}{\376\377\000E\000l\000\040\000P\000r\000o\000b\000l\000e\000m\000a\000\040\000L\000R\000P\000\040\000e\000n\000\040\000p\000o\000c\000a\000s\000\040\000p\000a\000l\000a\000b\000r\000a\000s}{}% 1
\BOOKMARK [1][-]{section.2}{\376\377\000A\000l\000g\000o\000r\000i\000t\000m\000o\000\040\000d\000e\000\040\000F\000u\000e\000r\000z\000a\000\040\000B\000r\000u\000t\000a\000\040\000\050\000S\000o\000l\000u\000c\000i\000\363\000n\000\040\000E\000x\000a\000c\000t\000a\000\051}{}% 2
\BOOKMARK [2][-]{subsection.2.1}{\376\377\000\277\000Q\000u\000\351\000\040\000e\000s\000\040\000y\000\040\000p\000a\000r\000a\000\040\000q\000u\000\351\000\040\000s\000i\000r\000v\000e\000?}{section.2}% 3
\BOOKMARK [2][-]{subsection.2.2}{\376\377\000E\000s\000t\000r\000u\000c\000t\000u\000r\000a\000\040\000d\000e\000l\000\040\000a\000l\000g\000o\000r\000i\000t\000m\000o}{section.2}% 4
\BOOKMARK [2][-]{subsection.2.3}{\376\377\000H\000e\000l\000d\000-\000K\000a\000r\000p\000:\000\040\000c\000\363\000m\000o\000\040\000f\000u\000n\000c\000i\000o\000n\000a}{section.2}% 5
\BOOKMARK [2][-]{subsection.2.4}{\376\377\000S\000e\000t\000-\000C\000o\000v\000e\000r\000\040\000D\000P\000:\000\040\000c\000\363\000m\000o\000\040\000f\000u\000n\000c\000i\000o\000n\000a}{section.2}% 6
\BOOKMARK [2][-]{subsection.2.5}{\376\377\000P\000s\000e\000u\000d\000o\000c\000\363\000d\000i\000g\000o\000\040\000c\000o\000m\000p\000l\000e\000t\000o\000\040\000d\000e\000\040\000l\000a\000\040\000F\000u\000e\000r\000z\000a\000\040\000B\000r\000u\000t\000a}{section.2}% 7
\BOOKMARK [1][-]{section.3}{\376\377\000A\000L\000N\000S\000:\000\040\000A\000d\000a\000p\000t\000i\000v\000e\000\040\000L\000a\000r\000g\000e\000\040\000N\000e\000i\000g\000h\000b\000o\000r\000h\000o\000o\000d\000\040\000S\000e\000a\000r\000c\000h}{}% 8
\BOOKMARK [2][-]{subsection.3.1}{\376\377\000I\000d\000e\000a\000\040\000c\000e\000n\000t\000r\000a\000l\000\040\000y\000\040\000m\000o\000t\000i\000v\000a\000c\000i\000\363\000n}{section.3}% 9
\BOOKMARK [2][-]{subsection.3.2}{\376\377\000R\000e\000p\000r\000e\000s\000e\000n\000t\000a\000c\000i\000\363\000n\000\040\000d\000e\000\040\000l\000a\000\040\000s\000o\000l\000u\000c\000i\000\363\000n}{section.3}% 10
\BOOKMARK [2][-]{subsection.3.3}{\376\377\000O\000p\000e\000r\000a\000d\000o\000r\000e\000s\000\040\000d\000e\000\040\000D\000e\000s\000t\000r\000u\000c\000c\000i\000\363\000n}{section.3}% 11
\BOOKMARK [3][-]{subsubsection.3.3.1}{\376\377\0001\000.\000\040\000R\000a\000n\000d\000o\000m\000\040\000R\000e\000m\000o\000v\000a\000l\000\040\000\050\000D\000e\000s\000t\000r\000u\000c\000c\000i\000\363\000n\000\040\000A\000l\000e\000a\000t\000o\000r\000i\000a\000\051}{subsection.3.3}% 12
\BOOKMARK [3][-]{subsubsection.3.3.2}{\376\377\0002\000.\000\040\000W\000o\000r\000s\000t\000\040\000R\000e\000m\000o\000v\000a\000l\000\040\000\050\000D\000e\000s\000t\000r\000u\000c\000c\000i\000\363\000n\000\040\000d\000e\000\040\000l\000o\000s\000\040\000P\000e\000o\000r\000e\000s\000\051}{subsection.3.3}% 13
\BOOKMARK [3][-]{subsubsection.3.3.3}{\376\377\0003\000.\000\040\000S\000h\000a\000w\000\040\000R\000e\000m\000o\000v\000a\000l\000\040\000\050\000D\000e\000s\000t\000r\000u\000c\000c\000i\000\363\000n\000\040\000p\000o\000r\000\040\000S\000i\000m\000i\000l\000i\000t\000u\000d\000\040\000G\000e\000o\000g\000r\000\341\000f\000i\000c\000a\000\051}{subsection.3.3}% 14
\BOOKMARK [3][-]{subsubsection.3.3.4}{\376\377\0004\000.\000\040\000R\000o\000u\000t\000e\000\040\000R\000e\000m\000o\000v\000a\000l\000\040\000\050\000D\000e\000s\000t\000r\000u\000c\000c\000i\000\363\000n\000\040\000d\000e\000\040\000R\000u\000t\000a\000\040\000C\000o\000m\000p\000l\000e\000t\000a\000\051}{subsection.3.3}% 15
\BOOKMARK [3][-]{subsubsection.3.3.5}{\376\377\0005\000.\000\040\000D\000e\000p\000o\000t\000\040\000C\000l\000o\000s\000i\000n\000g\000\040\000\050\000C\000i\000e\000r\000r\000e\000\040\000d\000e\000\040\000D\000e\000p\000\363\000s\000i\000t\000o\000\051}{subsection.3.3}% 16
\BOOKMARK [2][-]{subsection.3.4}{\376\377\000O\000p\000e\000r\000a\000d\000o\000r\000e\000s\000\040\000d\000e\000\040\000R\000e\000p\000a\000r\000a\000c\000i\000\363\000n}{section.3}% 17
\BOOKMARK [3][-]{subsubsection.3.4.1}{\376\377\0001\000.\000\040\000G\000r\000e\000e\000d\000y\000\040\000I\000n\000s\000e\000r\000t\000i\000o\000n\000\040\000\050\000I\000n\000s\000e\000r\000c\000i\000\363\000n\000\040\000C\000o\000d\000i\000c\000i\000o\000s\000a\000\051}{subsection.3.4}% 18
\BOOKMARK [3][-]{subsubsection.3.4.2}{\376\377\0002\000.\000\040\000R\000e\000g\000r\000e\000t\000-\0002\000\040\000I\000n\000s\000e\000r\000t\000i\000o\000n\000\040\000\050\000I\000n\000s\000e\000r\000c\000i\000\363\000n\000\040\000c\000o\000n\000\040\000A\000r\000r\000e\000p\000e\000n\000t\000i\000m\000i\000e\000n\000t\000o\000\051}{subsection.3.4}% 19
\BOOKMARK [2][-]{subsection.3.5}{\376\377\000R\000u\000l\000e\000t\000a\000\040\000A\000d\000a\000p\000t\000a\000t\000i\000v\000a\000\040\000\050\000e\000l\000\040\000m\000e\000c\000a\000n\000i\000s\000m\000o\000\040\000d\000e\000\040\000a\000p\000r\000e\000n\000d\000i\000z\000a\000j\000e\000\051}{section.3}% 20
\BOOKMARK [2][-]{subsection.3.6}{\376\377\000S\000i\000m\000u\000l\000a\000t\000e\000d\000\040\000A\000n\000n\000e\000a\000l\000i\000n\000g\000\040\000\050\000c\000r\000i\000t\000e\000r\000i\000o\000\040\000d\000e\000\040\000a\000c\000e\000p\000t\000a\000c\000i\000\363\000n\000\051}{section.3}% 21
\BOOKMARK [2][-]{subsection.3.7}{\376\377\000P\000s\000e\000u\000d\000o\000c\000\363\000d\000i\000g\000o\000\040\000A\000L\000N\000S\000\040\000c\000o\000n\000\040\000e\000x\000p\000l\000i\000c\000a\000c\000i\000\363\000n\000\040\000l\000\355\000n\000e\000a\000\040\000p\000o\000r\000\040\000l\000\355\000n\000e\000a}{section.3}% 22
\BOOKMARK [1][-]{section.4}{\376\377\000M\000A\000|\000P\000M\000:\000\040\000A\000l\000g\000o\000r\000i\000t\000m\000o\000\040\000M\000e\000m\000\351\000t\000i\000c\000o\000\040\000c\000o\000n\000\040\000G\000e\000s\000t\000i\000\363\000n\000\040\000d\000e\000\040\000P\000o\000b\000l\000a\000c\000i\000\363\000n}{}% 23
\BOOKMARK [2][-]{subsection.4.1}{\376\377\000\277\000Q\000u\000\351\000\040\000s\000i\000g\000n\000i\000f\000i\000c\000a\000n\000\040\000M\000A\000\040\000y\000\040\000P\000M\000?}{section.4}% 24
\BOOKMARK [2][-]{subsection.4.2}{\376\377\000E\000l\000\040\000C\000r\000o\000m\000o\000s\000o\000m\000a\000:\000\040\000G\000i\000a\000n\000t\000\040\000T\000o\000u\000r\000\040\000+\000\040\000E\000s\000t\000a\000d\000o\000\040\000d\000e\000\040\000D\000e\000p\000\363\000s\000i\000t\000o\000s}{section.4}% 25
\BOOKMARK [2][-]{subsection.4.3}{\376\377\000E\000l\000\040\000A\000l\000g\000o\000r\000i\000t\000m\000o\000\040\000S\000p\000l\000i\000t\000:\000\040\000c\000o\000r\000a\000z\000\363\000n\000\040\000d\000e\000l\000\040\000M\000A\000|\000P\000M}{section.4}% 26
\BOOKMARK [3][-]{subsubsection.4.3.1}{\376\377\000I\000n\000t\000u\000i\000c\000i\000\363\000n}{subsection.4.3}% 27
\BOOKMARK [3][-]{subsubsection.4.3.2}{\376\377\000C\000o\000n\000s\000t\000r\000u\000c\000c\000i\000\363\000n\000\040\000d\000e\000l\000\040\000g\000r\000a\000f\000o\000\040\000a\000u\000x\000i\000l\000i\000a\000r\000\040\000G\000'}{subsection.4.3}% 28
\BOOKMARK [3][-]{subsubsection.4.3.3}{\376\377\000S\000h\000o\000r\000t\000e\000s\000t\000\040\000P\000a\000t\000h\000\040\000=\000\040\000p\000a\000r\000t\000i\000c\000i\000\363\000n\000\040\000\363\000p\000t\000i\000m\000a}{subsection.4.3}% 29
\BOOKMARK [2][-]{subsection.4.4}{\376\377\000P\000s\000e\000u\000d\000o\000c\000\363\000d\000i\000g\000o\000\040\000d\000e\000l\000\040\000S\000p\000l\000i\000t}{section.4}% 30
\BOOKMARK [2][-]{subsection.4.5}{\376\377\000I\000n\000i\000c\000i\000a\000l\000i\000z\000a\000c\000i\000\363\000n\000\040\000d\000e\000\040\000l\000a\000\040\000P\000o\000b\000l\000a\000c\000i\000\363\000n}{section.4}% 31
\BOOKMARK [2][-]{subsection.4.6}{\376\377\000O\000p\000e\000r\000a\000d\000o\000r\000\040\000d\000e\000\040\000C\000r\000u\000c\000e\000\040\000O\000X\000\040\000\050\000O\000r\000d\000e\000r\000\040\000C\000r\000o\000s\000s\000o\000v\000e\000r\000\051}{section.4}% 32
\BOOKMARK [2][-]{subsection.4.7}{\376\377\000B\000\372\000s\000q\000u\000e\000d\000a\000\040\000L\000o\000c\000a\000l\000\040\000\050\000F\000a\000s\000e\000\040\000d\000e\000\040\000E\000d\000u\000c\000a\000c\000i\000\363\000n\000\051}{section.4}% 33
\BOOKMARK [3][-]{subsubsection.4.7.1}{\376\377\000L\000S\0001\000\040\040\024\000\040\000R\000e\000l\000o\000c\000a\000t\000e\000\040\000\050\000e\000n\000t\000r\000e\000\040\000r\000u\000t\000a\000s\000\040\000y\000\040\000d\000e\000p\000\363\000s\000i\000t\000o\000s\000\051}{subsection.4.7}% 34
\BOOKMARK [3][-]{subsubsection.4.7.2}{\376\377\000L\000S\0002\000\040\040\024\000\040\000S\000w\000a\000p\000\040\000\050\000i\000n\000t\000e\000r\000c\000a\000m\000b\000i\000o\000\040\000e\000n\000t\000r\000e\000\040\000r\000u\000t\000a\000s\000\051}{subsection.4.7}% 35
\BOOKMARK [3][-]{subsubsection.4.7.3}{\376\377\0002\000-\000o\000p\000t\000\040\000\050\000e\000l\000i\000m\000i\000n\000a\000c\000i\000\363\000n\000\040\000d\000e\000\040\000c\000r\000u\000c\000e\000s\000\051}{subsection.4.7}% 36
\BOOKMARK [2][-]{subsection.4.8}{\376\377\000D\000i\000s\000t\000a\000n\000c\000i\000a\000\040\000B\000P\000D\000\040\000y\000\040\000G\000e\000s\000t\000i\000\363\000n\000\040\000d\000e\000\040\000P\000o\000b\000l\000a\000c\000i\000\363\000n\000\040\000\050\000e\000l\000\040\000P\000M\000\051}{section.4}% 37
\BOOKMARK [2][-]{subsection.4.9}{\376\377\000P\000s\000e\000u\000d\000o\000c\000\363\000d\000i\000g\000o\000\040\000M\000A\000|\000P\000M\000\040\000c\000o\000n\000\040\000e\000x\000p\000l\000i\000c\000a\000c\000i\000\363\000n\000\040\000l\000\355\000n\000e\000a\000\040\000p\000o\000r\000\040\000l\000\355\000n\000e\000a}{section.4}% 38
\BOOKMARK [2][-]{subsection.4.10}{\376\377\000P\000a\000r\000\341\000m\000e\000t\000r\000o\000s\000\040\000p\000o\000r\000\040\000d\000e\000f\000e\000c\000t\000o\000\040\000y\000\040\000c\000\363\000m\000o\000\040\000s\000e\000\040\000c\000a\000l\000c\000u\000l\000a\000n}{section.4}% 39
\BOOKMARK [1][-]{section.5}{\376\377\000C\000o\000m\000p\000a\000r\000a\000c\000i\000\363\000n\000\040\000e\000n\000t\000r\000e\000\040\000l\000o\000s\000\040\000t\000r\000e\000s\000\040\000a\000l\000g\000o\000r\000i\000t\000m\000o\000s}{}% 40
\BOOKMARK [1][-]{section.6}{\376\377\000R\000e\000s\000u\000l\000t\000a\000d\000o\000s\000\040\000d\000e\000\040\000V\000a\000l\000i\000d\000a\000c\000i\000\363\000n}{}% 41
\BOOKMARK [2][-]{subsection.6.1}{\376\377\000G\000a\000p\000\040\000r\000e\000s\000p\000e\000c\000t\000o\000\040\000a\000\040\000B\000K\000S\000\040\000\050\000i\000n\000s\000t\000a\000n\000c\000i\000a\000s\000\040\000P\000r\000o\000d\000h\000o\000n\000\051}{section.6}% 42
\BOOKMARK [1][-]{section.7}{\376\377\000P\000r\000e\000g\000u\000n\000t\000a\000s\000\040\000f\000r\000e\000c\000u\000e\000n\000t\000e\000s\000\040\000d\000e\000l\000\040\000j\000u\000r\000a\000d\000o\000\040\000\050\000c\000o\000n\000\040\000r\000e\000s\000p\000u\000e\000s\000t\000a\000s\000\051}{}% 43
\BOOKMARK [1][-]{section.8}{\376\377\000E\000j\000e\000m\000p\000l\000o\000\040\000p\000a\000s\000o\000\040\000a\000\040\000p\000a\000s\000o\000:\000\040\000l\000o\000s\000\040\000t\000r\000e\000s\000\040\000a\000l\000g\000o\000r\000i\000t\000m\000o\000s\000\040\000s\000o\000b\000r\000e\000\040\000l\000a\000\040\000m\000i\000s\000m\000a\000\040\000i\000n\000s\000t\000a\000n\000c\000i\000a}{}% 44
